   Compiling wkmp-ai v0.1.0 (C:\Users\Mango Cat\Dev\McRhythm\wkmp-ai)
warning: missing documentation for a function
   --> wkmp-common\src\config.rs:498:1
    |
498 | pub fn set_unix_permissions_0600(_path: &Path) -> Result<()> {
    | ^^^^^^^^^^^^^^^^^^^^^^^^^^^^^^^^^^^^^^^^^^^^^^^^^^^^^^^^^^^^
    |
note: the lint level is defined here
   --> wkmp-common\src\lib.rs:13:9
    |
 13 | #![warn(missing_docs)]
    |         ^^^^^^^^^^^^

warning: missing documentation for a function
   --> wkmp-common\src\config.rs:527:1
    |
527 | pub fn check_toml_permissions_loose(_path: &Path) -> Result<bool> {
    | ^^^^^^^^^^^^^^^^^^^^^^^^^^^^^^^^^^^^^^^^^^^^^^^^^^^^^^^^^^^^^^^^^

warning: missing documentation for a variant
  --> wkmp-common\src\events\import_types.rs:14:5
   |
14 |     Scanning {
   |     ^^^^^^^^

warning: missing documentation for a struct field
  --> wkmp-common\src\events\import_types.rs:15:9
   |
15 |         potential_files_found: usize,
   |         ^^^^^^^^^^^^^^^^^^^^^^^^^^^^

warning: missing documentation for a struct field
  --> wkmp-common\src\events\import_types.rs:16:9
   |
16 |         is_scanning: bool,
   |         ^^^^^^^^^^^^^^^^^

warning: missing documentation for a struct field
  --> wkmp-common\src\events\import_types.rs:17:9
   |
17 |         audio_files: usize,
   |         ^^^^^^^^^^^^^^^^^^

warning: missing documentation for a struct field
  --> wkmp-common\src\events\import_types.rs:18:9
   |
18 |         image_files: usize,
   |         ^^^^^^^^^^^^^^^^^^

warning: missing documentation for a struct field
  --> wkmp-common\src\events\import_types.rs:19:9
   |
19 |         other_files: usize,
   |         ^^^^^^^^^^^^^^^^^^

warning: missing documentation for a variant
  --> wkmp-common\src\events\import_types.rs:38:5
   |
38 |     Processing {
   |     ^^^^^^^^^^

warning: missing documentation for a struct field
  --> wkmp-common\src\events\import_types.rs:39:9
   |
39 |         completed: usize,
   |         ^^^^^^^^^^^^^^^^

warning: missing documentation for a struct field
  --> wkmp-common\src\events\import_types.rs:40:9
   |
40 |         started: usize,
   |         ^^^^^^^^^^^^^^

warning: missing documentation for a struct field
  --> wkmp-common\src\events\import_types.rs:41:9
   |
41 |         total: usize,
   |         ^^^^^^^^^^^^

warning: missing documentation for a variant
  --> wkmp-common\src\events\import_types.rs:50:5
   |
50 |     FilenameMatching {
   |     ^^^^^^^^^^^^^^^^

warning: missing documentation for a struct field
  --> wkmp-common\src\events\import_types.rs:51:9
   |
51 |         completed_filenames_found: usize,
   |         ^^^^^^^^^^^^^^^^^^^^^^^^^^^^^^^^

warning: missing documentation for a variant
  --> wkmp-common\src\events\import_types.rs:54:5
   |
54 |     Hashing {
   |     ^^^^^^^

warning: missing documentation for a struct field
  --> wkmp-common\src\events\import_types.rs:55:9
   |
55 |         hashes_computed: usize,
   |         ^^^^^^^^^^^^^^^^^^^^^^

warning: missing documentation for a struct field
  --> wkmp-common\src\events\import_types.rs:56:9
   |
56 |         matches_found: usize,
   |         ^^^^^^^^^^^^^^^^^^^^

warning: missing documentation for a variant
  --> wkmp-common\src\events\import_types.rs:59:5
   |
59 |     Extracting {
   |     ^^^^^^^^^^

warning: missing documentation for a struct field
  --> wkmp-common\src\events\import_types.rs:60:9
   |
60 |         successful_extractions: usize,
   |         ^^^^^^^^^^^^^^^^^^^^^^^^^^^^^

warning: missing documentation for a struct field
  --> wkmp-common\src\events\import_types.rs:61:9
   |
61 |         failures: usize,
   |         ^^^^^^^^^^^^^^^

warning: missing documentation for a variant
  --> wkmp-common\src\events\import_types.rs:64:5
   |
64 |     Segmenting {
   |     ^^^^^^^^^^

warning: missing documentation for a struct field
  --> wkmp-common\src\events\import_types.rs:65:9
   |
65 |         files_processed: usize,
   |         ^^^^^^^^^^^^^^^^^^^^^^

warning: missing documentation for a struct field
  --> wkmp-common\src\events\import_types.rs:66:9
   |
66 |         potential_passages: usize,
   |         ^^^^^^^^^^^^^^^^^^^^^^^^^

warning: missing documentation for a struct field
  --> wkmp-common\src\events\import_types.rs:67:9
   |
67 |         finalized_passages: usize,
   |         ^^^^^^^^^^^^^^^^^^^^^^^^^

warning: missing documentation for a struct field
  --> wkmp-common\src\events\import_types.rs:68:9
   |
68 |         songs_identified: usize,
   |         ^^^^^^^^^^^^^^^^^^^^^^^

warning: missing documentation for a variant
  --> wkmp-common\src\events\import_types.rs:71:5
   |
71 |     Fingerprinting {
   |     ^^^^^^^^^^^^^^

warning: missing documentation for a struct field
  --> wkmp-common\src\events\import_types.rs:72:9
   |
72 |         passages_fingerprinted: usize,
   |         ^^^^^^^^^^^^^^^^^^^^^^^^^^^^^

warning: missing documentation for a struct field
  --> wkmp-common\src\events\import_types.rs:73:9
   |
73 |         successful_matches: usize,
   |         ^^^^^^^^^^^^^^^^^^^^^^^^^

warning: missing documentation for a variant
  --> wkmp-common\src\events\import_types.rs:76:5
   |
76 |     SongMatching {
   |     ^^^^^^^^^^^^

warning: missing documentation for a struct field
  --> wkmp-common\src\events\import_types.rs:77:9
   |
77 |         high_confidence: usize,
   |         ^^^^^^^^^^^^^^^^^^^^^^

warning: missing documentation for a struct field
  --> wkmp-common\src\events\import_types.rs:78:9
   |
78 |         medium_confidence: usize,
   |         ^^^^^^^^^^^^^^^^^^^^^^^^

warning: missing documentation for a struct field
  --> wkmp-common\src\events\import_types.rs:79:9
   |
79 |         low_confidence: usize,
   |         ^^^^^^^^^^^^^^^^^^^^^

warning: missing documentation for a struct field
  --> wkmp-common\src\events\import_types.rs:80:9
   |
80 |         no_confidence: usize,
   |         ^^^^^^^^^^^^^^^^^^^^

warning: missing documentation for a variant
  --> wkmp-common\src\events\import_types.rs:83:5
   |
83 |     Recording {
   |     ^^^^^^^^^

warning: missing documentation for a struct field
  --> wkmp-common\src\events\import_types.rs:84:9
   |
84 |         recorded_passages: Vec<RecordedPassageInfo>,
   |         ^^^^^^^^^^^^^^^^^^^^^^^^^^^^^^^^^^^^^^^^^^^

warning: missing documentation for a variant
  --> wkmp-common\src\events\import_types.rs:87:5
   |
87 |     Amplitude {
   |     ^^^^^^^^^

warning: missing documentation for a struct field
  --> wkmp-common\src\events\import_types.rs:88:9
   |
88 |         analyzed_passages: Vec<AnalyzedPassageInfo>,
   |         ^^^^^^^^^^^^^^^^^^^^^^^^^^^^^^^^^^^^^^^^^^^

warning: missing documentation for a variant
  --> wkmp-common\src\events\import_types.rs:91:5
   |
91 |     Flavoring {
   |     ^^^^^^^^^

warning: missing documentation for a struct field
  --> wkmp-common\src\events\import_types.rs:92:9
   |
92 |         pre_existing: usize,
   |         ^^^^^^^^^^^^^^^^^^^

warning: missing documentation for a struct field
  --> wkmp-common\src\events\import_types.rs:93:9
   |
93 |         acousticbrainz: usize,
   |         ^^^^^^^^^^^^^^^^^^^^^

warning: missing documentation for a struct field
  --> wkmp-common\src\events\import_types.rs:94:9
   |
94 |         essentia: usize,
   |         ^^^^^^^^^^^^^^^

warning: missing documentation for a struct field
  --> wkmp-common\src\events\import_types.rs:95:9
   |
95 |         failed: usize,
   |         ^^^^^^^^^^^^^

warning: missing documentation for a variant
  --> wkmp-common\src\events\import_types.rs:98:5
   |
98 |     PassagesComplete {
   |     ^^^^^^^^^^^^^^^^

warning: missing documentation for a struct field
  --> wkmp-common\src\events\import_types.rs:99:9
   |
99 |         passages_completed: usize,
   |         ^^^^^^^^^^^^^^^^^^^^^^^^^

warning: missing documentation for a variant
   --> wkmp-common\src\events\import_types.rs:102:5
    |
102 |     FilesComplete {
    |     ^^^^^^^^^^^^^

warning: missing documentation for a struct field
   --> wkmp-common\src\events\import_types.rs:103:9
    |
103 |         files_completed: usize,
    |         ^^^^^^^^^^^^^^^^^^^^^^

warning: missing documentation for a struct field
   --> wkmp-common\src\events\import_types.rs:110:5
    |
110 |     pub song_title: Option<String>,
    |     ^^^^^^^^^^^^^^^^^^^^^^^^^^^^^^

warning: missing documentation for a struct field
   --> wkmp-common\src\events\import_types.rs:111:5
    |
111 |     pub file_path: String,
    |     ^^^^^^^^^^^^^^^^^^^^^

warning: missing documentation for a struct field
   --> wkmp-common\src\events\import_types.rs:117:5
    |
117 |     pub song_title: Option<String>,
    |     ^^^^^^^^^^^^^^^^^^^^^^^^^^^^^^

warning: missing documentation for a struct field
   --> wkmp-common\src\events\import_types.rs:118:5
    |
118 |     pub passage_length_seconds: f64,
    |     ^^^^^^^^^^^^^^^^^^^^^^^^^^^^^^^

warning: missing documentation for a struct field
   --> wkmp-common\src\events\import_types.rs:119:5
    |
119 |     pub lead_in_ms: u64,
    |     ^^^^^^^^^^^^^^^^^^^

warning: missing documentation for a struct field
   --> wkmp-common\src\events\import_types.rs:120:5
    |
120 |     pub lead_out_ms: u64,
    |     ^^^^^^^^^^^^^^^^^^^^

warning: `wkmp-common` (lib) generated 52 warnings
warning: unused import: `assign_tier`
  --> wkmp-ai\src\fusion\identity_resolver.rs:20:23
   |
20 | use crate::matching::{assign_tier, ConfidenceTier};
   |                       ^^^^^^^^^^^
   |
   = note: `#[warn(unused_imports)]` on by default

warning: unused import: `MatchingStage`
  --> wkmp-ai\src\matching\album_matcher.rs:34:52
   |
34 | use super::types::{AlbumMatchResult, MatchedTrack, MatchingStage, SilenceCache};
   |                                                    ^^^^^^^^^^^^^

warning: unused import: `CachedDuration`
  --> wkmp-ai\src\services\accurate_duration.rs:18:39
   |
18 | use crate::db::duration_cache::{self, CachedDuration, DurationMethod};
   |                                       ^^^^^^^^^^^^^^

warning: unused import: `super::passage_segmenter::PassageBoundary`
  --> wkmp-ai\src\services\passage_recorder.rs:15:5
   |
15 | use super::passage_segmenter::PassageBoundary;
   |     ^^^^^^^^^^^^^^^^^^^^^^^^^^^^^^^^^^^^^^^^^

warning: unused import: `ConfidenceLevel`
  --> wkmp-ai\src\services\passage_recorder.rs:16:35
   |
16 | use super::passage_song_matcher::{ConfidenceLevel, PassageSongMatch};
   |                                   ^^^^^^^^^^^^^^^

warning: unused import: `Instant`
  --> wkmp-ai\src\services\pool_manager.rs:16:27
   |
16 | use std::time::{Duration, Instant};
   |                           ^^^^^^^

warning: unused import: `crate::models::ImportSession`
  --> wkmp-ai\src\services\progress_manager.rs:22:5
   |
22 | use crate::models::ImportSession;
   |     ^^^^^^^^^^^^^^^^^^^^^^^^^^^^

warning: unused import: `FuturesUnordered`
  --> wkmp-ai\src\services\workflow_orchestrator\mod.rs:31:23
   |
31 | use futures::stream::{FuturesUnordered, StreamExt};
   |                       ^^^^^^^^^^^^^^^^

warning: unused import: `std::collections::VecDeque`
  --> wkmp-ai\src\services\write_queue.rs:24:5
   |
24 | use std::collections::VecDeque;
   |     ^^^^^^^^^^^^^^^^^^^^^^^^^^

warning: unused imports: `Duration` and `Instant`
  --> wkmp-ai\src\testing\import_harness.rs:33:17
   |
33 | use std::time::{Duration, Instant};
   |                 ^^^^^^^^  ^^^^^^^

warning: unused import: `tokio::sync::Semaphore`
  --> wkmp-ai\src\testing\import_harness.rs:39:5
   |
39 | use tokio::sync::Semaphore;
   |     ^^^^^^^^^^^^^^^^^^^^^^

warning: unused imports: `debug`, `error`, and `warn`
  --> wkmp-ai\src\testing\import_harness.rs:40:15
   |
40 | use tracing::{debug, error, info, warn};
   |               ^^^^^  ^^^^^        ^^^^

warning: unused variable: `event_bus`
  --> wkmp-ai\src\services\workflow_orchestrator\phase_scanning.rs:72:13
   |
72 |         let event_bus = self.event_bus.clone();
   |             ^^^^^^^^^ help: if this is intentional, prefix it with an underscore: `_event_bus`
   |
   = note: `#[warn(unused_variables)]` on by default

warning: use of deprecated method `services::workflow_orchestrator::WorkflowOrchestrator::phase_processing_plan025`: Use phase_processing_per_file() with per-file pipeline
   --> wkmp-ai\src\services\workflow_orchestrator\mod.rs:447:14
    |
447 |             .phase_processing_plan025(session, start_time, &cancel_token)
    |              ^^^^^^^^^^^^^^^^^^^^^^^^
    |
    = note: `#[warn(deprecated)]` on by default

warning: use of deprecated method `workflow::pipeline::Pipeline::extract`: Use extract_with_audio() to avoid re-decoding audio
   --> wkmp-ai\src\workflow\pipeline.rs:429:43
    |
429 |         let mut extraction_results = self.extract(file_path, boundary, passage_index).await?;
    |                                           ^^^^^^^

error[E0559]: variant `WorkflowEvent::Error` has no field named `timestamp`
    --> wkmp-ai\src\workflow\pipeline.rs:1249:25
     |
1249 |                         timestamp: chrono::Utc::now().timestamp(),
     |                         ^^^^^^^^^ `WorkflowEvent::Error` does not have this field
     |
     = note: available fields are: `passage_index`

warning: unused import: `StreamExt`
  --> wkmp-ai\src\services\workflow_orchestrator\mod.rs:31:41
   |
31 | use futures::stream::{FuturesUnordered, StreamExt};
   |                                         ^^^^^^^^^

warning: value assigned to `silence_start` is never read
   --> wkmp-ai\src\workflow\boundary_detector.rs:420:13
    |
420 |             silence_start = Some(window_count);
    |             ^^^^^^^^^^^^^
    |
    = help: maybe it is overwritten before being read?
    = note: `#[warn(unused_assignments)]` on by default

warning: value assigned to `window_count` is never read
   --> wkmp-ai\src\workflow\boundary_detector.rs:431:9
    |
431 |         window_count += 1;
    |         ^^^^^^^^^^^^
    |
    = help: maybe it is overwritten before being read?

For more information about this error, try `rustc --explain E0559`.
warning: `wkmp-ai` (lib) generated 18 warnings
error: could not compile `wkmp-ai` (lib) due to 1 previous error; 18 warnings emitted
