   Compiling wkmp-ai v0.1.0 (C:\Users\Mango Cat\Dev\McRhythm\wkmp-ai)
warning: missing documentation for a function
   --> wkmp-common\src\config.rs:498:1
    |
498 | pub fn set_unix_permissions_0600(_path: &Path) -> Result<()> {
    | ^^^^^^^^^^^^^^^^^^^^^^^^^^^^^^^^^^^^^^^^^^^^^^^^^^^^^^^^^^^^
    |
note: the lint level is defined here
   --> wkmp-common\src\lib.rs:13:9
    |
 13 | #![warn(missing_docs)]
    |         ^^^^^^^^^^^^

warning: missing documentation for a function
   --> wkmp-common\src\config.rs:527:1
    |
527 | pub fn check_toml_permissions_loose(_path: &Path) -> Result<bool> {
    | ^^^^^^^^^^^^^^^^^^^^^^^^^^^^^^^^^^^^^^^^^^^^^^^^^^^^^^^^^^^^^^^^^

warning: missing documentation for a variant
  --> wkmp-common\src\events\import_types.rs:14:5
   |
14 |     Scanning {
   |     ^^^^^^^^

warning: missing documentation for a struct field
  --> wkmp-common\src\events\import_types.rs:15:9
   |
15 |         potential_files_found: usize,
   |         ^^^^^^^^^^^^^^^^^^^^^^^^^^^^

warning: missing documentation for a struct field
  --> wkmp-common\src\events\import_types.rs:16:9
   |
16 |         is_scanning: bool,
   |         ^^^^^^^^^^^^^^^^^

warning: missing documentation for a struct field
  --> wkmp-common\src\events\import_types.rs:17:9
   |
17 |         audio_files: usize,
   |         ^^^^^^^^^^^^^^^^^^

warning: missing documentation for a struct field
  --> wkmp-common\src\events\import_types.rs:18:9
   |
18 |         image_files: usize,
   |         ^^^^^^^^^^^^^^^^^^

warning: missing documentation for a struct field
  --> wkmp-common\src\events\import_types.rs:19:9
   |
19 |         other_files: usize,
   |         ^^^^^^^^^^^^^^^^^^

warning: missing documentation for a variant
  --> wkmp-common\src\events\import_types.rs:38:5
   |
38 |     Processing {
   |     ^^^^^^^^^^

warning: missing documentation for a struct field
  --> wkmp-common\src\events\import_types.rs:39:9
   |
39 |         completed: usize,
   |         ^^^^^^^^^^^^^^^^

warning: missing documentation for a struct field
  --> wkmp-common\src\events\import_types.rs:40:9
   |
40 |         started: usize,
   |         ^^^^^^^^^^^^^^

warning: missing documentation for a struct field
  --> wkmp-common\src\events\import_types.rs:41:9
   |
41 |         total: usize,
   |         ^^^^^^^^^^^^

warning: missing documentation for a variant
  --> wkmp-common\src\events\import_types.rs:50:5
   |
50 |     FilenameMatching {
   |     ^^^^^^^^^^^^^^^^

warning: missing documentation for a struct field
  --> wkmp-common\src\events\import_types.rs:51:9
   |
51 |         completed_filenames_found: usize,
   |         ^^^^^^^^^^^^^^^^^^^^^^^^^^^^^^^^

warning: missing documentation for a variant
  --> wkmp-common\src\events\import_types.rs:54:5
   |
54 |     Hashing {
   |     ^^^^^^^

warning: missing documentation for a struct field
  --> wkmp-common\src\events\import_types.rs:55:9
   |
55 |         hashes_computed: usize,
   |         ^^^^^^^^^^^^^^^^^^^^^^

warning: missing documentation for a struct field
  --> wkmp-common\src\events\import_types.rs:56:9
   |
56 |         matches_found: usize,
   |         ^^^^^^^^^^^^^^^^^^^^

warning: missing documentation for a variant
  --> wkmp-common\src\events\import_types.rs:59:5
   |
59 |     Extracting {
   |     ^^^^^^^^^^

warning: missing documentation for a struct field
  --> wkmp-common\src\events\import_types.rs:60:9
   |
60 |         successful_extractions: usize,
   |         ^^^^^^^^^^^^^^^^^^^^^^^^^^^^^

warning: missing documentation for a struct field
  --> wkmp-common\src\events\import_types.rs:61:9
   |
61 |         failures: usize,
   |         ^^^^^^^^^^^^^^^

warning: missing documentation for a variant
  --> wkmp-common\src\events\import_types.rs:64:5
   |
64 |     Segmenting {
   |     ^^^^^^^^^^

warning: missing documentation for a struct field
  --> wkmp-common\src\events\import_types.rs:65:9
   |
65 |         files_processed: usize,
   |         ^^^^^^^^^^^^^^^^^^^^^^

warning: missing documentation for a struct field
  --> wkmp-common\src\events\import_types.rs:66:9
   |
66 |         potential_passages: usize,
   |         ^^^^^^^^^^^^^^^^^^^^^^^^^

warning: missing documentation for a struct field
  --> wkmp-common\src\events\import_types.rs:67:9
   |
67 |         finalized_passages: usize,
   |         ^^^^^^^^^^^^^^^^^^^^^^^^^

warning: missing documentation for a struct field
  --> wkmp-common\src\events\import_types.rs:68:9
   |
68 |         songs_identified: usize,
   |         ^^^^^^^^^^^^^^^^^^^^^^^

warning: missing documentation for a variant
  --> wkmp-common\src\events\import_types.rs:71:5
   |
71 |     Fingerprinting {
   |     ^^^^^^^^^^^^^^

warning: missing documentation for a struct field
  --> wkmp-common\src\events\import_types.rs:72:9
   |
72 |         passages_fingerprinted: usize,
   |         ^^^^^^^^^^^^^^^^^^^^^^^^^^^^^

warning: missing documentation for a struct field
  --> wkmp-common\src\events\import_types.rs:73:9
   |
73 |         successful_matches: usize,
   |         ^^^^^^^^^^^^^^^^^^^^^^^^^

warning: missing documentation for a variant
  --> wkmp-common\src\events\import_types.rs:76:5
   |
76 |     SongMatching {
   |     ^^^^^^^^^^^^

warning: missing documentation for a struct field
  --> wkmp-common\src\events\import_types.rs:77:9
   |
77 |         high_confidence: usize,
   |         ^^^^^^^^^^^^^^^^^^^^^^

warning: missing documentation for a struct field
  --> wkmp-common\src\events\import_types.rs:78:9
   |
78 |         medium_confidence: usize,
   |         ^^^^^^^^^^^^^^^^^^^^^^^^

warning: missing documentation for a struct field
  --> wkmp-common\src\events\import_types.rs:79:9
   |
79 |         low_confidence: usize,
   |         ^^^^^^^^^^^^^^^^^^^^^

warning: missing documentation for a struct field
  --> wkmp-common\src\events\import_types.rs:80:9
   |
80 |         no_confidence: usize,
   |         ^^^^^^^^^^^^^^^^^^^^

warning: missing documentation for a variant
  --> wkmp-common\src\events\import_types.rs:83:5
   |
83 |     Recording {
   |     ^^^^^^^^^

warning: missing documentation for a struct field
  --> wkmp-common\src\events\import_types.rs:84:9
   |
84 |         recorded_passages: Vec<RecordedPassageInfo>,
   |         ^^^^^^^^^^^^^^^^^^^^^^^^^^^^^^^^^^^^^^^^^^^

warning: missing documentation for a variant
  --> wkmp-common\src\events\import_types.rs:87:5
   |
87 |     Amplitude {
   |     ^^^^^^^^^

warning: missing documentation for a struct field
  --> wkmp-common\src\events\import_types.rs:88:9
   |
88 |         analyzed_passages: Vec<AnalyzedPassageInfo>,
   |         ^^^^^^^^^^^^^^^^^^^^^^^^^^^^^^^^^^^^^^^^^^^

warning: missing documentation for a variant
  --> wkmp-common\src\events\import_types.rs:91:5
   |
91 |     Flavoring {
   |     ^^^^^^^^^

warning: missing documentation for a struct field
  --> wkmp-common\src\events\import_types.rs:92:9
   |
92 |         pre_existing: usize,
   |         ^^^^^^^^^^^^^^^^^^^

warning: missing documentation for a struct field
  --> wkmp-common\src\events\import_types.rs:93:9
   |
93 |         acousticbrainz: usize,
   |         ^^^^^^^^^^^^^^^^^^^^^

warning: missing documentation for a struct field
  --> wkmp-common\src\events\import_types.rs:94:9
   |
94 |         essentia: usize,
   |         ^^^^^^^^^^^^^^^

warning: missing documentation for a struct field
  --> wkmp-common\src\events\import_types.rs:95:9
   |
95 |         failed: usize,
   |         ^^^^^^^^^^^^^

warning: missing documentation for a variant
  --> wkmp-common\src\events\import_types.rs:98:5
   |
98 |     PassagesComplete {
   |     ^^^^^^^^^^^^^^^^

warning: missing documentation for a struct field
  --> wkmp-common\src\events\import_types.rs:99:9
   |
99 |         passages_completed: usize,
   |         ^^^^^^^^^^^^^^^^^^^^^^^^^

warning: missing documentation for a variant
   --> wkmp-common\src\events\import_types.rs:102:5
    |
102 |     FilesComplete {
    |     ^^^^^^^^^^^^^

warning: missing documentation for a struct field
   --> wkmp-common\src\events\import_types.rs:103:9
    |
103 |         files_completed: usize,
    |         ^^^^^^^^^^^^^^^^^^^^^^

warning: missing documentation for a struct field
   --> wkmp-common\src\events\import_types.rs:110:5
    |
110 |     pub song_title: Option<String>,
    |     ^^^^^^^^^^^^^^^^^^^^^^^^^^^^^^

warning: missing documentation for a struct field
   --> wkmp-common\src\events\import_types.rs:111:5
    |
111 |     pub file_path: String,
    |     ^^^^^^^^^^^^^^^^^^^^^

warning: missing documentation for a struct field
   --> wkmp-common\src\events\import_types.rs:117:5
    |
117 |     pub song_title: Option<String>,
    |     ^^^^^^^^^^^^^^^^^^^^^^^^^^^^^^

warning: missing documentation for a struct field
   --> wkmp-common\src\events\import_types.rs:118:5
    |
118 |     pub passage_length_seconds: f64,
    |     ^^^^^^^^^^^^^^^^^^^^^^^^^^^^^^^

warning: missing documentation for a struct field
   --> wkmp-common\src\events\import_types.rs:119:5
    |
119 |     pub lead_in_ms: u64,
    |     ^^^^^^^^^^^^^^^^^^^

warning: missing documentation for a struct field
   --> wkmp-common\src\events\import_types.rs:120:5
    |
120 |     pub lead_out_ms: u64,
    |     ^^^^^^^^^^^^^^^^^^^^

warning: `wkmp-common` (lib) generated 52 warnings
warning: unused import: `assign_tier`
  --> wkmp-ai\src\fusion\identity_resolver.rs:20:23
   |
20 | use crate::matching::{assign_tier, ConfidenceTier};
   |                       ^^^^^^^^^^^
   |
   = note: `#[warn(unused_imports)]` on by default

warning: unused import: `std::collections::HashSet`
  --> wkmp-ai\src\matching\edition_filter.rs:30:5
   |
30 | use std::collections::HashSet;
   |     ^^^^^^^^^^^^^^^^^^^^^^^^^

warning: unused import: `apply_refinement_to_durations`
  --> wkmp-ai\src\matching\orchestrator.rs:21:9
   |
21 |         apply_refinement_to_durations,
   |         ^^^^^^^^^^^^^^^^^^^^^^^^^^^^^

warning: unused import: `CachedDuration`
  --> wkmp-ai\src\services\accurate_duration.rs:18:39
   |
18 | use crate::db::duration_cache::{self, CachedDuration, DurationMethod};
   |                                       ^^^^^^^^^^^^^^

warning: unused import: `super::passage_segmenter::PassageBoundary`
  --> wkmp-ai\src\services\passage_recorder.rs:15:5
   |
15 | use super::passage_segmenter::PassageBoundary;
   |     ^^^^^^^^^^^^^^^^^^^^^^^^^^^^^^^^^^^^^^^^^

warning: unused import: `ConfidenceLevel`
  --> wkmp-ai\src\services\passage_recorder.rs:16:35
   |
16 | use super::passage_song_matcher::{ConfidenceLevel, PassageSongMatch};
   |                                   ^^^^^^^^^^^^^^^

warning: unused import: `Instant`
  --> wkmp-ai\src\services\pool_manager.rs:16:27
   |
16 | use std::time::{Duration, Instant};
   |                           ^^^^^^^

warning: unused import: `crate::models::ImportSession`
  --> wkmp-ai\src\services\progress_manager.rs:22:5
   |
22 | use crate::models::ImportSession;
   |     ^^^^^^^^^^^^^^^^^^^^^^^^^^^^

warning: unused import: `FuturesUnordered`
  --> wkmp-ai\src\services\workflow_orchestrator\mod.rs:31:23
   |
31 | use futures::stream::{FuturesUnordered, StreamExt};
   |                       ^^^^^^^^^^^^^^^^

warning: unused import: `std::collections::VecDeque`
  --> wkmp-ai\src\services\write_queue.rs:24:5
   |
24 | use std::collections::VecDeque;
   |     ^^^^^^^^^^^^^^^^^^^^^^^^^^

warning: unused imports: `Duration` and `Instant`
  --> wkmp-ai\src\testing\import_harness.rs:33:17
   |
33 | use std::time::{Duration, Instant};
   |                 ^^^^^^^^  ^^^^^^^

warning: unused import: `tokio::sync::Semaphore`
  --> wkmp-ai\src\testing\import_harness.rs:39:5
   |
39 | use tokio::sync::Semaphore;
   |     ^^^^^^^^^^^^^^^^^^^^^^

warning: unused imports: `debug`, `error`, and `warn`
  --> wkmp-ai\src\testing\import_harness.rs:40:15
   |
40 | use tracing::{debug, error, info, warn};
   |               ^^^^^  ^^^^^        ^^^^

warning: unnecessary parentheses around block return value
   --> wkmp-ai\src\services\amplitude_analyzer.rs:413:17
    |
413 |                 (t as f32 / 22050.0) // Linear ramp from 0 to 1 over 0.5s
    |                 ^                  ^
    |
    = note: `#[warn(unused_parens)]` on by default
help: remove these parentheses
    |
413 -                 (t as f32 / 22050.0) // Linear ramp from 0 to 1 over 0.5s
413 +                 t as f32 / 22050.0 // Linear ramp from 0 to 1 over 0.5s
    |

warning: unused import: `super::super::passage_fingerprinter::MBIDCandidate`
   --> wkmp-ai\src\services\passage_song_matcher.rs:376:9
    |
376 |     use super::super::passage_fingerprinter::MBIDCandidate;
    |         ^^^^^^^^^^^^^^^^^^^^^^^^^^^^^^^^^^^^^^^^^^^^^^^^^^

warning: unused import: `super::*`
    --> wkmp-ai\src\services\workflow_orchestrator\mod.rs:3049:9
     |
3049 |     use super::*;
     |         ^^^^^^^^

warning: unused imports: `FailureAnalysis` and `ResetResult`
  --> wkmp-ai\src\testing\integration_tests.rs:18:36
   |
18 |         failure::{FailureAnalyzer, FailureAnalysis},
   |                                    ^^^^^^^^^^^^^^^
...
22 |         reset::{reset_for_testing, ResetResult},
   |                                    ^^^^^^^^^^^

warning: unused import: `crate::testing::batch::BatchResultEntry`
   --> wkmp-ai\src\testing\integration_tests.rs:373:13
    |
373 |         use crate::testing::batch::BatchResultEntry;
    |             ^^^^^^^^^^^^^^^^^^^^^^^^^^^^^^^^^^^^^^^

warning: unused import: `std::collections::HashMap`
   --> wkmp-ai\src\validators\consistency_validator.rs:414:9
    |
414 |     use std::collections::HashMap;
    |         ^^^^^^^^^^^^^^^^^^^^^^^^^

warning: use of deprecated function `matching::editions::scoring::calculate_total_duration_score`: Use calculate_total_duration_score_validated
  --> wkmp-ai\src\matching\editions\mod.rs:27:30
   |
27 |     calculate_edition_score, calculate_total_duration_score, calculate_total_duration_score_validated,
   |                              ^^^^^^^^^^^^^^^^^^^^^^^^^^^^^^
   |
   = note: `#[warn(deprecated)]` on by default

warning: use of deprecated function `matching::editions::scoring::calculate_total_duration_score`: Use calculate_total_duration_score_validated
  --> wkmp-ai\src\matching\orchestrator.rs:16:34
   |
16 |         calculate_edition_score, calculate_total_duration_score,
   |                                  ^^^^^^^^^^^^^^^^^^^^^^^^^^^^^^

warning: use of deprecated function `matching::editions::scoring::calculate_total_duration_score`: Use calculate_total_duration_score_validated
   --> wkmp-ai\src\matching\orchestrator.rs:130:26
    |
130 |     let duration_score = calculate_total_duration_score(detected_total_ms, edition_total_ms);
    |                          ^^^^^^^^^^^^^^^^^^^^^^^^^^^^^^

warning: use of deprecated function `matching::editions::scoring::calculate_total_duration_score`: Use calculate_total_duration_score_validated
   --> wkmp-ai\src\matching\editions\scoring.rs:664:21
    |
664 |         let score = calculate_total_duration_score(2_400_000, 2_450_000);
    |                     ^^^^^^^^^^^^^^^^^^^^^^^^^^^^^^

warning: use of deprecated function `matching::editions::scoring::calculate_total_duration_score`: Use calculate_total_duration_score_validated
   --> wkmp-ai\src\matching\editions\scoring.rs:671:21
    |
671 |         let score = calculate_total_duration_score(2_400_000, 2_580_000);
    |                     ^^^^^^^^^^^^^^^^^^^^^^^^^^^^^^

warning: use of deprecated function `matching::editions::scoring::calculate_total_duration_score`: Use calculate_total_duration_score_validated
   --> wkmp-ai\src\matching\editions\scoring.rs:678:21
    |
678 |         let score = calculate_total_duration_score(2_400_000, 2_700_000);
    |                     ^^^^^^^^^^^^^^^^^^^^^^^^^^^^^^

warning: use of deprecated function `matching::editions::scoring::calculate_total_duration_score`: Use calculate_total_duration_score_validated
   --> wkmp-ai\src\matching\editions\scoring.rs:685:21
    |
685 |         let score = calculate_total_duration_score(2_400_000, 2_880_000);
    |                     ^^^^^^^^^^^^^^^^^^^^^^^^^^^^^^

warning: use of deprecated function `matching::editions::scoring::calculate_total_duration_score`: Use calculate_total_duration_score_validated
   --> wkmp-ai\src\matching\editions\scoring.rs:692:21
    |
692 |         let score = calculate_total_duration_score(2_400_000, 8_500_000);
    |                     ^^^^^^^^^^^^^^^^^^^^^^^^^^^^^^

warning: use of deprecated function `matching::editions::scoring::calculate_total_duration_score`: Use calculate_total_duration_score_validated
   --> wkmp-ai\src\matching\editions\scoring.rs:699:21
    |
699 |         let score = calculate_total_duration_score(0, 2_400_000);
    |                     ^^^^^^^^^^^^^^^^^^^^^^^^^^^^^^

warning: use of deprecated function `matching::editions::scoring::calculate_total_duration_score`: Use calculate_total_duration_score_validated
   --> wkmp-ai\src\matching\editions\scoring.rs:706:21
    |
706 |         let score = calculate_total_duration_score(2_400_000, 0);
    |                     ^^^^^^^^^^^^^^^^^^^^^^^^^^^^^^

warning: unused variable: `event_bus`
  --> wkmp-ai\src\services\workflow_orchestrator\phase_scanning.rs:72:13
   |
72 |         let event_bus = self.event_bus.clone();
   |             ^^^^^^^^^ help: if this is intentional, prefix it with an underscore: `_event_bus`
   |
   = note: `#[warn(unused_variables)]` on by default

warning: use of deprecated method `services::workflow_orchestrator::WorkflowOrchestrator::phase_processing_plan025`: Use phase_processing_per_file() with per-file pipeline
   --> wkmp-ai\src\services\workflow_orchestrator\mod.rs:447:14
    |
447 |             .phase_processing_plan025(session, start_time, &cancel_token)
    |              ^^^^^^^^^^^^^^^^^^^^^^^^

warning: use of deprecated method `workflow::pipeline::Pipeline::extract`: Use extract_with_audio() to avoid re-decoding audio
   --> wkmp-ai\src\workflow\pipeline.rs:429:43
    |
429 |         let mut extraction_results = self.extract(file_path, boundary, passage_index).await?;
    |                                           ^^^^^^^

warning: unused import: `StreamExt`
  --> wkmp-ai\src\services\workflow_orchestrator\mod.rs:31:41
   |
31 | use futures::stream::{FuturesUnordered, StreamExt};
   |                                         ^^^^^^^^^

warning: unused variable: `extractor`
   --> wkmp-ai\src\extractors\audio_derived_extractor.rs:405:13
    |
405 |         let extractor = AudioDerivedExtractor::new();
    |             ^^^^^^^^^ help: if this is intentional, prefix it with an underscore: `_extractor`

warning: unused variable: `extractor`
   --> wkmp-ai\src\extractors\audio_derived_extractor.rs:413:13
    |
413 |         let extractor = AudioDerivedExtractor::new();
    |             ^^^^^^^^^ help: if this is intentional, prefix it with an underscore: `_extractor`

warning: unused variable: `extractor`
   --> wkmp-ai\src\extractors\audio_derived_extractor.rs:427:13
    |
427 |         let extractor = AudioDerivedExtractor::new();
    |             ^^^^^^^^^ help: if this is intentional, prefix it with an underscore: `_extractor`

warning: unused variable: `extractor`
   --> wkmp-ai\src\extractors\audio_derived_extractor.rs:446:13
    |
446 |         let extractor = AudioDerivedExtractor::new();
    |             ^^^^^^^^^ help: if this is intentional, prefix it with an underscore: `_extractor`

warning: unused variable: `extractor`
   --> wkmp-ai\src\extractors\audio_derived_extractor.rs:455:13
    |
455 |         let extractor = AudioDerivedExtractor::new();
    |             ^^^^^^^^^ help: if this is intentional, prefix it with an underscore: `_extractor`

warning: value assigned to `silence_start` is never read
   --> wkmp-ai\src\workflow\boundary_detector.rs:420:13
    |
420 |             silence_start = Some(window_count);
    |             ^^^^^^^^^^^^^
    |
    = help: maybe it is overwritten before being read?
    = note: `#[warn(unused_assignments)]` on by default

warning: value assigned to `window_count` is never read
   --> wkmp-ai\src\workflow\boundary_detector.rs:431:9
    |
431 |         window_count += 1;
    |         ^^^^^^^^^^^^
    |
    = help: maybe it is overwritten before being read?

warning: unused variable: `config`
   --> wkmp-ai\src\services\file_tracker.rs:469:13
    |
469 |         let config = create_test_config();
    |             ^^^^^^ help: if this is intentional, prefix it with an underscore: `_config`

warning: type `ClassifiedResult` is more private than the item `EvaluationEngine::results`
   --> wkmp-ai\src\testing\evaluation.rs:332:5
    |
332 |     pub fn results(&self) -> &[ClassifiedResult] {
    |     ^^^^^^^^^^^^^^^^^^^^^^^^^^^^^^^^^^^^^^^^^^^^ method `EvaluationEngine::results` is reachable at visibility `pub`
    |
note: but type `ClassifiedResult` is only usable at visibility `pub(self)`
   --> wkmp-ai\src\testing\evaluation.rs:148:1
    |
148 | struct ClassifiedResult {
    | ^^^^^^^^^^^^^^^^^^^^^^^
    = note: `#[warn(private_interfaces)]` on by default

warning: field `passage_id` is never read
  --> wkmp-ai\src\services\import_logger.rs:15:5
   |
13 | struct PassageInfo {
   |        ----------- field in this struct
14 |     #[sqlx(rename = "guid")]
15 |     passage_id: String,
   |     ^^^^^^^^^^
   |
   = note: `PassageInfo` has a derived impl for the trait `Debug`, but this is intentionally ignored during dead code analysis
   = note: `#[warn(dead_code)]` on by default

warning: enum `StateCommand` is never used
  --> wkmp-ai\src\services\workflow_orchestrator\mod.rs:44:6
   |
44 | enum StateCommand {
   |      ^^^^^^^^^^^^

warning: multiple fields are never read
  --> wkmp-ai\src\services\workflow_orchestrator\mod.rs:71:5
   |
68 | pub struct WorkflowOrchestrator {
   |            -------------------- fields in this struct
...
71 |     file_scanner: FileScanner,
   |     ^^^^^^^^^^^^
72 |     metadata_extractor: MetadataExtractor,
   |     ^^^^^^^^^^^^^^^^^^
73 |     fingerprinter: Fingerprinter,
   |     ^^^^^^^^^^^^^
74 |     amplitude_analyzer: AmplitudeAnalyzer,
   |     ^^^^^^^^^^^^^^^^^^
75 |     mb_client: Option<MusicBrainzClient>,
   |     ^^^^^^^^^
...
78 |     essentia_client: Option<EssentiaClient>,
   |     ^^^^^^^^^^^^^^^
...
97 |     processing_thread_count: usize,
   |     ^^^^^^^^^^^^^^^^^^^^^^^

warning: method `set_worker_phase_with_passage` is never used
    --> wkmp-ai\src\services\workflow_orchestrator\mod.rs:1659:14
     |
 100 | impl WorkflowOrchestrator {
     | ------------------------- method in this implementation
...
1659 |     async fn set_worker_phase_with_passage(
     |              ^^^^^^^^^^^^^^^^^^^^^^^^^^^^^

warning: method `display_string` is never used
  --> wkmp-ai\src\services\workflow_orchestrator\statistics.rs:44:12
   |
43 | impl ScanningStats {
   | ------------------ method in this implementation
44 |     pub fn display_string(&self) -> String {
   |            ^^^^^^^^^^^^^^

warning: method `display_string` is never used
  --> wkmp-ai\src\services\workflow_orchestrator\statistics.rs:70:12
   |
69 | impl ProcessingStats {
   | -------------------- method in this implementation
70 |     pub fn display_string(&self) -> String {
   |            ^^^^^^^^^^^^^^

warning: method `display_string` is never used
  --> wkmp-ai\src\services\workflow_orchestrator\statistics.rs:88:12
   |
87 | impl FilenameMatchingStats {
   | -------------------------- method in this implementation
88 |     pub fn display_string(&self) -> String {
   |            ^^^^^^^^^^^^^^

warning: method `display_string` is never used
   --> wkmp-ai\src\services\workflow_orchestrator\statistics.rs:108:12
    |
107 | impl HashingStats {
    | ----------------- method in this implementation
108 |     pub fn display_string(&self) -> String {
    |            ^^^^^^^^^^^^^^

warning: method `display_string` is never used
   --> wkmp-ai\src\services\workflow_orchestrator\statistics.rs:128:12
    |
127 | impl ExtractingStats {
    | -------------------- method in this implementation
128 |     pub fn display_string(&self) -> String {
    |            ^^^^^^^^^^^^^^

warning: method `display_string` is never used
   --> wkmp-ai\src\services\workflow_orchestrator\statistics.rs:152:12
    |
151 | impl SegmentingStats {
    | -------------------- method in this implementation
152 |     pub fn display_string(&self) -> String {
    |            ^^^^^^^^^^^^^^

warning: method `display_string` is never used
   --> wkmp-ai\src\services\workflow_orchestrator\statistics.rs:175:12
    |
174 | impl FingerprintingStats {
    | ------------------------ method in this implementation
175 |     pub fn display_string(&self) -> String {
    |            ^^^^^^^^^^^^^^

warning: method `display_string` is never used
   --> wkmp-ai\src\services\workflow_orchestrator\statistics.rs:199:12
    |
198 | impl SongMatchingStats {
    | ---------------------- method in this implementation
199 |     pub fn display_string(&self) -> String {
    |            ^^^^^^^^^^^^^^

warning: method `display_lines` is never used
   --> wkmp-ai\src\services\workflow_orchestrator\statistics.rs:218:12
    |
217 | impl RecordingStats {
    | ------------------- method in this implementation
218 |     pub fn display_lines(&self) -> Vec<String> {
    |            ^^^^^^^^^^^^^

warning: method `display_lines` is never used
   --> wkmp-ai\src\services\workflow_orchestrator\statistics.rs:243:12
    |
242 | impl AmplitudeStats {
    | ------------------- method in this implementation
243 |     pub fn display_lines(&self) -> Vec<String> {
    |            ^^^^^^^^^^^^^

warning: method `display_string` is never used
   --> wkmp-ai\src\services\workflow_orchestrator\statistics.rs:274:12
    |
273 | impl FlavoringStats {
    | ------------------- method in this implementation
274 |     pub fn display_string(&self) -> String {
    |            ^^^^^^^^^^^^^^

warning: method `display_string` is never used
   --> wkmp-ai\src\services\workflow_orchestrator\statistics.rs:292:12
    |
291 | impl PassagesCompleteStats {
    | -------------------------- method in this implementation
292 |     pub fn display_string(&self) -> String {
    |            ^^^^^^^^^^^^^^

warning: method `display_string` is never used
   --> wkmp-ai\src\services\workflow_orchestrator\statistics.rs:307:12
    |
306 | impl FilesCompleteStats {
    | ----------------------- method in this implementation
307 |     pub fn display_string(&self) -> String {
    |            ^^^^^^^^^^^^^^

warning: methods `update_processing` and `update_scanning` are never used
   --> wkmp-ai\src\services\workflow_orchestrator\statistics.rs:452:12
    |
332 | impl ImportStatistics {
    | --------------------- methods in this implementation
...
452 |     pub fn update_processing(&self, completed: usize, started: usize, total: usize) {
    |            ^^^^^^^^^^^^^^^^^
...
460 |     pub fn update_scanning(&self, is_scanning: bool, files_found: usize) {
    |            ^^^^^^^^^^^^^^^

warning: methods `process_passage` and `extract` are never used
   --> wkmp-ai\src\workflow\pipeline.rs:409:14
    |
105 | impl Pipeline {
    | ------------- methods in this implementation
...
409 |     async fn process_passage(
    |              ^^^^^^^^^^^^^^^
...
560 |     async fn extract(
    |              ^^^^^^^

warning: missing documentation for a struct field
  --> wkmp-ai\src\ffi\chromaprint.rs:82:26
   |
82 |     BufferMisalignment { buffer_len: usize, channels: u8 },
   |                          ^^^^^^^^^^^^^^^^^
   |
note: the lint level is defined here
  --> wkmp-ai\src\lib.rs:5:9
   |
 5 | #![warn(missing_docs)]
   |         ^^^^^^^^^^^^

warning: missing documentation for a struct field
  --> wkmp-ai\src\ffi\chromaprint.rs:82:45
   |
82 |     BufferMisalignment { buffer_len: usize, channels: u8 },
   |                                             ^^^^^^^^^^^^

warning: missing documentation for a constant
   --> wkmp-ai\src\matching\constants.rs:142:1
    |
142 | pub const SCORE_FILENAME_PATTERN: f64 = 1.0;
    | ^^^^^^^^^^^^^^^^^^^^^^^^^^^^^^^^^^^^^

warning: missing documentation for a constant
   --> wkmp-ai\src\matching\constants.rs:143:1
    |
143 | pub const SCORE_DIR_FILES_HIGH: f64 = 0.8;
    | ^^^^^^^^^^^^^^^^^^^^^^^^^^^^^^^^^^^

warning: missing documentation for a constant
   --> wkmp-ai\src\matching\constants.rs:144:1
    |
144 | pub const SCORE_DIR_FILES_MEDIUM: f64 = 0.3;
    | ^^^^^^^^^^^^^^^^^^^^^^^^^^^^^^^^^^^^^

warning: missing documentation for a constant
   --> wkmp-ai\src\matching\constants.rs:145:1
    |
145 | pub const SCORE_DIR_FILES_SINGLE: f64 = -0.5;
    | ^^^^^^^^^^^^^^^^^^^^^^^^^^^^^^^^^^^^^

warning: missing documentation for a constant
   --> wkmp-ai\src\matching\constants.rs:146:1
    |
146 | pub const SCORE_ID3_TRACK_TOTAL: f64 = 1.0;
    | ^^^^^^^^^^^^^^^^^^^^^^^^^^^^^^^^^^^^

warning: missing documentation for a constant
   --> wkmp-ai\src\matching\constants.rs:147:1
    |
147 | pub const SCORE_ID3_TRACK_NUMBER_ONLY: f64 = 0.4;
    | ^^^^^^^^^^^^^^^^^^^^^^^^^^^^^^^^^^^^^^^^^^

warning: missing documentation for a constant
   --> wkmp-ai\src\matching\constants.rs:148:1
    |
148 | pub const SCORE_DURATION_SHORT: f64 = 0.7;
    | ^^^^^^^^^^^^^^^^^^^^^^^^^^^^^^^^^^^

warning: missing documentation for a constant
   --> wkmp-ai\src\matching\constants.rs:149:1
    |
149 | pub const SCORE_DURATION_SUSPICIOUS: f64 = 0.4;
    | ^^^^^^^^^^^^^^^^^^^^^^^^^^^^^^^^^^^^^^^^

warning: missing documentation for a constant
   --> wkmp-ai\src\matching\constants.rs:150:1
    |
150 | pub const SCORE_DURATION_ALBUM_LENGTH: f64 = -0.3;
    | ^^^^^^^^^^^^^^^^^^^^^^^^^^^^^^^^^^^^^^^^^^

warning: missing documentation for a constant
   --> wkmp-ai\src\matching\constants.rs:151:1
    |
151 | pub const SCORE_SILENCE_GAPS_FEW: f64 = 1.0;
    | ^^^^^^^^^^^^^^^^^^^^^^^^^^^^^^^^^^^^^

warning: missing documentation for a constant
   --> wkmp-ai\src\matching\constants.rs:152:1
    |
152 | pub const SCORE_SILENCE_GAPS_MANY: f64 = -0.5;
    | ^^^^^^^^^^^^^^^^^^^^^^^^^^^^^^^^^^^^^^

warning: missing documentation for a struct field
   --> wkmp-ai\src\matching\editions\scoring.rs:133:5
    |
133 |     pub mbid: String,
    |     ^^^^^^^^^^^^^^^^

warning: missing documentation for a struct field
   --> wkmp-ai\src\matching\editions\scoring.rs:134:5
    |
134 |     pub title: String,
    |     ^^^^^^^^^^^^^^^^^

warning: missing documentation for a struct field
   --> wkmp-ai\src\matching\editions\scoring.rs:135:5
    |
135 |     pub track_count: usize,
    |     ^^^^^^^^^^^^^^^^^^^^^^

warning: missing documentation for a struct field
   --> wkmp-ai\src\matching\editions\scoring.rs:136:5
    |
136 |     pub total_duration_ms: u64,
    |     ^^^^^^^^^^^^^^^^^^^^^^^^^^

warning: missing documentation for a struct field
   --> wkmp-ai\src\matching\editions\scoring.rs:137:5
    |
137 |     pub track_durations_secs: Vec<f64>,
    |     ^^^^^^^^^^^^^^^^^^^^^^^^^^^^^^^^^^

warning: missing documentation for a struct field
   --> wkmp-ai\src\matching\editions\scoring.rs:138:5
    |
138 |     pub name_similarity: f64,
    |     ^^^^^^^^^^^^^^^^^^^^^^^^

warning: missing documentation for a struct field
   --> wkmp-ai\src\matching\editions\scoring.rs:139:5
    |
139 |     pub score: f64,
    |     ^^^^^^^^^^^^^^

warning: missing documentation for a struct field
  --> wkmp-ai\src\matching\stage6_helpers.rs:11:5
   |
11 |     pub start_track: usize,
   |     ^^^^^^^^^^^^^^^^^^^^^^

warning: missing documentation for a struct field
  --> wkmp-ai\src\matching\stage6_helpers.rs:12:5
   |
12 |     pub count: usize,
   |     ^^^^^^^^^^^^^^^^

warning: missing documentation for a struct field
  --> wkmp-ai\src\matching\stage6_helpers.rs:18:5
   |
18 |     pub track_index: usize,
   |     ^^^^^^^^^^^^^^^^^^^^^^

warning: missing documentation for a struct field
  --> wkmp-ai\src\matching\stage6_helpers.rs:19:5
   |
19 |     pub error1: f64,
   |     ^^^^^^^^^^^^^^^

warning: missing documentation for a struct field
  --> wkmp-ai\src\matching\stage6_helpers.rs:20:5
   |
20 |     pub error2: f64,
   |     ^^^^^^^^^^^^^^^

warning: missing documentation for a struct field
  --> wkmp-ai\src\models\import_session.rs:86:5
   |
86 |     pub audio_denied: usize,
   |     ^^^^^^^^^^^^^^^^^^^^^^^

warning: missing documentation for a struct field
  --> wkmp-ai\src\models\import_session.rs:87:5
   |
87 |     pub image_confirmed: usize,
   |     ^^^^^^^^^^^^^^^^^^^^^^^^^^

warning: missing documentation for a struct field
  --> wkmp-ai\src\models\import_session.rs:88:5
   |
88 |     pub image_denied: usize,
   |     ^^^^^^^^^^^^^^^^^^^^^^^

warning: missing documentation for a struct field
  --> wkmp-ai\src\services\fallback_handler.rs:47:20
   |
47 |     NoCandidates { query: String },
   |                    ^^^^^^^^^^^^^

warning: missing documentation for a struct field
  --> wkmp-ai\src\services\fallback_handler.rs:49:16
   |
49 |     ApiError { error: String },
   |                ^^^^^^^^^^^^^

warning: missing documentation for a struct field
  --> wkmp-ai\src\services\fallback_handler.rs:52:9
   |
52 |         expected: String,
   |         ^^^^^^^^^^^^^^^^

warning: missing documentation for a struct field
  --> wkmp-ai\src\services\fallback_handler.rs:53:9
   |
53 |         found: String,
   |         ^^^^^^^^^^^^^

warning: missing documentation for a struct field
  --> wkmp-ai\src\services\fallback_handler.rs:54:9
   |
54 |         similarity: f64,
   |         ^^^^^^^^^^^^^^^

warning: missing documentation for a struct field
  --> wkmp-ai\src\services\fallback_handler.rs:57:26
   |
57 |     AllStagesExhausted { stages_tried: usize },
   |                          ^^^^^^^^^^^^^^^^^^^

warning: missing documentation for a struct field
  --> wkmp-ai\src\services\fallback_handler.rs:59:20
   |
59 |     FileTooShort { duration_secs: f64 },
   |                    ^^^^^^^^^^^^^^^^^^

warning: missing documentation for a struct field
  --> wkmp-ai\src\services\fallback_handler.rs:61:32
   |
61 |     MetadataExtractionFailed { error: String },
   |                                ^^^^^^^^^^^^^

warning: missing documentation for a struct field
  --> wkmp-ai\src\services\fallback_handler.rs:65:22
   |
65 |     DecodingFailed { error: String },
   |                      ^^^^^^^^^^^^^

warning: missing documentation for a struct field
  --> wkmp-ai\src\services\hash_deduplicator.rs:22:9
   |
22 |         hash: String,
   |         ^^^^^^^^^^^^

warning: missing documentation for a struct field
  --> wkmp-ai\src\services\hash_deduplicator.rs:23:9
   |
23 |         original_file_id: Uuid,
   |         ^^^^^^^^^^^^^^^^^^^^^^

warning: missing documentation for a method
  --> wkmp-ai\src\services\passage_flavor_fetcher.rs:44:5
   |
44 |     pub fn as_str(&self) -> &'static str {
   |     ^^^^^^^^^^^^^^^^^^^^^^^^^^^^^^^^^^^^

warning: missing documentation for a struct field
  --> wkmp-ai\src\services\write_queue.rs:40:9
   |
40 |         session: ImportSession,
   |         ^^^^^^^^^^^^^^^^^^^^^^

warning: missing documentation for a struct field
  --> wkmp-ai\src\services\write_queue.rs:41:9
   |
41 |         response_tx: oneshot::Sender<Result<()>>,
   |         ^^^^^^^^^^^^^^^^^^^^^^^^^^^^^^^^^^^^^^^^

warning: missing documentation for a struct field
  --> wkmp-ai\src\services\write_queue.rs:45:9
   |
45 |         passages: Vec<PassageData>,
   |         ^^^^^^^^^^^^^^^^^^^^^^^^^^

warning: missing documentation for a struct field
  --> wkmp-ai\src\services\write_queue.rs:46:9
   |
46 |         response_tx: oneshot::Sender<Result<Vec<Uuid>>>,
   |         ^^^^^^^^^^^^^^^^^^^^^^^^^^^^^^^^^^^^^^^^^^^^^^^

warning: missing documentation for a struct field
  --> wkmp-ai\src\services\write_queue.rs:50:9
   |
50 |         file_id: Uuid,
   |         ^^^^^^^^^^^^^

warning: missing documentation for a struct field
  --> wkmp-ai\src\services\write_queue.rs:51:9
   |
51 |         status: String,
   |         ^^^^^^^^^^^^^^

warning: missing documentation for a struct field
  --> wkmp-ai\src\services\write_queue.rs:52:9
   |
52 |         response_tx: oneshot::Sender<Result<()>>,
   |         ^^^^^^^^^^^^^^^^^^^^^^^^^^^^^^^^^^^^^^^^

warning: missing documentation for a struct field
  --> wkmp-ai\src\services\write_queue.rs:63:5
   |
63 |     pub file_id: Uuid,
   |     ^^^^^^^^^^^^^^^^^

warning: missing documentation for a struct field
  --> wkmp-ai\src\services\write_queue.rs:64:5
   |
64 |     pub start_seconds: f64,
   |     ^^^^^^^^^^^^^^^^^^^^^^

warning: missing documentation for a struct field
  --> wkmp-ai\src\services\write_queue.rs:65:5
   |
65 |     pub end_seconds: f64,
   |     ^^^^^^^^^^^^^^^^^^^^

warning: missing documentation for a struct field
  --> wkmp-ai\src\services\write_queue.rs:66:5
   |
66 |     pub song_id: Option<Uuid>,
   |     ^^^^^^^^^^^^^^^^^^^^^^^^^

warning: missing documentation for a struct field
  --> wkmp-ai\src\testing\hooks.rs:42:9
   |
42 |         file_hash: String,
   |         ^^^^^^^^^^^^^^^^^

warning: missing documentation for a struct field
  --> wkmp-ai\src\testing\hooks.rs:43:9
   |
43 |         assigned_mbid: Option<String>,
   |         ^^^^^^^^^^^^^^^^^^^^^^^^^^^^^

warning: missing documentation for a struct field
  --> wkmp-ai\src\testing\hooks.rs:44:9
   |
44 |         confidence: f64,
   |         ^^^^^^^^^^^^^^^

warning: missing documentation for a struct field
  --> wkmp-ai\src\testing\hooks.rs:45:9
   |
45 |         sources_consulted: Vec<String>,
   |         ^^^^^^^^^^^^^^^^^^^^^^^^^^^^^^

warning: missing documentation for a struct field
  --> wkmp-ai\src\testing\hooks.rs:46:9
   |
46 |         timestamp: String,
   |         ^^^^^^^^^^^^^^^^^

warning: missing documentation for a struct field
  --> wkmp-ai\src\testing\hooks.rs:50:9
   |
50 |         file_hash: String,
   |         ^^^^^^^^^^^^^^^^^

warning: missing documentation for a struct field
  --> wkmp-ai\src\testing\hooks.rs:51:9
   |
51 |         content_type: String,
   |         ^^^^^^^^^^^^^^^^^^^^

warning: missing documentation for a struct field
  --> wkmp-ai\src\testing\hooks.rs:52:9
   |
52 |         confidence: f64,
   |         ^^^^^^^^^^^^^^^

warning: missing documentation for a struct field
  --> wkmp-ai\src\testing\hooks.rs:53:9
   |
53 |         timestamp: String,
   |         ^^^^^^^^^^^^^^^^^

warning: missing documentation for a struct field
  --> wkmp-ai\src\testing\hooks.rs:57:9
   |
57 |         file_hash: String,
   |         ^^^^^^^^^^^^^^^^^

warning: missing documentation for a struct field
  --> wkmp-ai\src\testing\hooks.rs:58:9
   |
58 |         success: bool,
   |         ^^^^^^^^^^^^^

warning: missing documentation for a struct field
  --> wkmp-ai\src\testing\hooks.rs:59:9
   |
59 |         error_message: Option<String>,
   |         ^^^^^^^^^^^^^^^^^^^^^^^^^^^^^

warning: missing documentation for a struct field
  --> wkmp-ai\src\testing\hooks.rs:60:9
   |
60 |         duration_ms: u64,
   |         ^^^^^^^^^^^^^^^^

warning: missing documentation for a struct field
  --> wkmp-ai\src\testing\hooks.rs:61:9
   |
61 |         timestamp: String,
   |         ^^^^^^^^^^^^^^^^^

warning: missing documentation for a struct field
  --> wkmp-ai\src\testing\hooks.rs:65:9
   |
65 |         file_hash: String,
   |         ^^^^^^^^^^^^^^^^^

warning: missing documentation for a struct field
  --> wkmp-ai\src\testing\hooks.rs:66:9
   |
66 |         api_name: String,
   |         ^^^^^^^^^^^^^^^^

warning: missing documentation for a struct field
  --> wkmp-ai\src\testing\hooks.rs:67:9
   |
67 |         success: bool,
   |         ^^^^^^^^^^^^^

warning: missing documentation for a struct field
  --> wkmp-ai\src\testing\hooks.rs:68:9
   |
68 |         latency_ms: u64,
   |         ^^^^^^^^^^^^^^^

warning: missing documentation for a struct field
  --> wkmp-ai\src\testing\hooks.rs:69:9
   |
69 |         timestamp: String,
   |         ^^^^^^^^^^^^^^^^^

warning: variable does not need to be mutable
   --> wkmp-ai\src\services\progress_manager.rs:484:13
    |
484 |         let mut session = crate::models::ImportSession::new(
    |             ----^^^^^^^
    |             |
    |             help: remove this `mut`
    |
    = note: `#[warn(unused_mut)]` on by default

warning: variable does not need to be mutable
   --> wkmp-ai\src\services\progress_manager.rs:520:13
    |
520 |         let mut session = crate::models::ImportSession::new(
    |             ----^^^^^^^
    |             |
    |             help: remove this `mut`

warning: unused variable: `dirty_time`
   --> wkmp-ai\src\services\progress_manager.rs:580:13
    |
580 |         let dirty_time = manager.time_since_last_sync();
    |             ^^^^^^^^^^ help: if this is intentional, prefix it with an underscore: `_dirty_time`

warning: variable does not need to be mutable
   --> wkmp-ai\src\services\progress_manager.rs:561:13
    |
561 |         let mut session = crate::models::ImportSession::new(
    |             ----^^^^^^^
    |             |
    |             help: remove this `mut`

warning: variable does not need to be mutable
   --> wkmp-ai\src\services\progress_manager.rs:610:13
    |
610 |         let mut session = crate::models::ImportSession::new(
    |             ----^^^^^^^
    |             |
    |             help: remove this `mut`

warning: unused variable: `integrator`
   --> wkmp-ai\src\services\result_integrator.rs:318:13
    |
318 |         let integrator = ResultIntegrator::new(pool);
    |             ^^^^^^^^^^ help: if this is intentional, prefix it with an underscore: `_integrator`

warning: type `ClassifiedResult` is more private than the item `evaluation::EvaluationEngine::results`
   --> wkmp-ai\src\testing\evaluation.rs:332:5
    |
332 |     pub fn results(&self) -> &[ClassifiedResult] {
    |     ^^^^^^^^^^^^^^^^^^^^^^^^^^^^^^^^^^^^^^^^^^^^ method `evaluation::EvaluationEngine::results` is reachable at visibility `pub`
    |
note: but type `ClassifiedResult` is only usable at visibility `pub(self)`
   --> wkmp-ai\src\testing\evaluation.rs:148:1
    |
148 | struct ClassifiedResult {
    | ^^^^^^^^^^^^^^^^^^^^^^^
    = note: `#[warn(private_interfaces)]` on by default

warning: missing documentation for a module
   --> wkmp-ai\src\extractors\mod.rs:152:1
    |
152 | pub mod mock {
    | ^^^^^^^^^^^^
    |
note: the lint level is defined here
   --> wkmp-ai\src\lib.rs:5:9
    |
  5 | #![warn(missing_docs)]
    |         ^^^^^^^^^^^^

warning: missing documentation for a struct field
   --> wkmp-ai\src\extractors\mod.rs:158:9
    |
158 |         pub name: &'static str,
    |         ^^^^^^^^^^^^^^^^^^^^^^

warning: missing documentation for a struct field
   --> wkmp-ai\src\extractors\mod.rs:159:9
    |
159 |         pub confidence: f32,
    |         ^^^^^^^^^^^^^^^^^^^

warning: missing documentation for a struct field
   --> wkmp-ai\src\extractors\mod.rs:160:9
    |
160 |         pub should_fail: bool,
    |         ^^^^^^^^^^^^^^^^^^^^^

warning: missing documentation for an associated function
   --> wkmp-ai\src\extractors\mod.rs:164:9
    |
164 |         pub fn new(name: &'static str, confidence: f32) -> Self {
    |         ^^^^^^^^^^^^^^^^^^^^^^^^^^^^^^^^^^^^^^^^^^^^^^^^^^^^^^^

warning: missing documentation for an associated function
   --> wkmp-ai\src\extractors\mod.rs:172:9
    |
172 |         pub fn failing(name: &'static str) -> Self {
    |         ^^^^^^^^^^^^^^^^^^^^^^^^^^^^^^^^^^^^^^^^^^

warning: missing documentation for a struct field
  --> wkmp-ai\src\ffi\chromaprint.rs:82:26
   |
82 |     BufferMisalignment { buffer_len: usize, channels: u8 },
   |                          ^^^^^^^^^^^^^^^^^

warning: `wkmp-ai` (lib) generated 112 warnings (run `cargo fix --lib -p wkmp-ai` to apply 13 suggestions)
warning: unused import: `std::path::Path`
 --> wkmp-ai\tests\helpers\db_utils.rs:7:5
  |
7 | use std::path::Path;
  |     ^^^^^^^^^^^^^^^
  |
  = note: `#[warn(unused_imports)]` on by default

warning: unused imports: `debug`, `error`, `info`, and `warn`
   --> wkmp-ai\tests\helpers\log_capture.rs:161:19
    |
161 |     use tracing::{debug, error, info, warn};
    |                   ^^^^^  ^^^^^  ^^^^  ^^^^

warning: unused imports: `AudioConfig`, `generate_test_library`, and `generate_test_wav`
  --> wkmp-ai\tests\helpers\mod.rs:10:27
   |
10 | pub use audio_generator::{generate_test_library, generate_test_wav, AudioConfig};
   |                           ^^^^^^^^^^^^^^^^^^^^^  ^^^^^^^^^^^^^^^^^  ^^^^^^^^^^^

warning: unused imports: `assert_has_column`, `assert_no_column`, `create_test_db`, `create_test_orchestrator`, `get_table_columns`, `has_column`, and `seed_test_files`
  --> wkmp-ai\tests\helpers\mod.rs:12:5
   |
12 |     assert_has_column, assert_no_column, create_test_db, create_test_orchestrator,
   |     ^^^^^^^^^^^^^^^^^  ^^^^^^^^^^^^^^^^  ^^^^^^^^^^^^^^  ^^^^^^^^^^^^^^^^^^^^^^^^
13 |     get_table_columns, has_column, seed_test_files,
   |     ^^^^^^^^^^^^^^^^^  ^^^^^^^^^^  ^^^^^^^^^^^^^^^

warning: unused imports: `LogCapture` and `init_test_logging`
  --> wkmp-ai\tests\helpers\mod.rs:15:23
   |
15 | pub use log_capture::{init_test_logging, LogCapture};
   |                       ^^^^^^^^^^^^^^^^^  ^^^^^^^^^^

warning: unused import: `wkmp_ai::services::WorkflowOrchestrator`
 --> wkmp-ai\tests\integration\orchestrator_integration_tests.rs:7:5
  |
7 | use wkmp_ai::services::WorkflowOrchestrator;
  |     ^^^^^^^^^^^^^^^^^^^^^^^^^^^^^^^^^^^^^^^

warning: use of deprecated function `wkmp_ai::matching::editions::calculate_total_duration_score`: Use calculate_total_duration_score_validated
 --> wkmp-ai\tests\integration\edition_selection_tests.rs:7:30
  |
7 |     calculate_edition_score, calculate_total_duration_score, calculate_track_count_penalty,
  |                              ^^^^^^^^^^^^^^^^^^^^^^^^^^^^^^
  |
  = note: `#[warn(deprecated)]` on by default

warning: use of deprecated function `wkmp_ai::matching::editions::calculate_total_duration_score`: Use calculate_total_duration_score_validated
  --> wkmp-ai\tests\integration\edition_selection_tests.rs:46:30
   |
46 |     let duration_score_std = calculate_total_duration_score(detected_total_ms, standard_total_ms);
   |                              ^^^^^^^^^^^^^^^^^^^^^^^^^^^^^^

warning: use of deprecated function `wkmp_ai::matching::editions::calculate_total_duration_score`: Use calculate_total_duration_score_validated
  --> wkmp-ai\tests\integration\edition_selection_tests.rs:66:30
   |
66 |     let duration_score_dlx = calculate_total_duration_score(detected_total_ms, deluxe_total_ms);
   |                              ^^^^^^^^^^^^^^^^^^^^^^^^^^^^^^

warning: use of deprecated function `wkmp_ai::matching::editions::calculate_total_duration_score`: Use calculate_total_duration_score_validated
  --> wkmp-ai\tests\integration\edition_selection_tests.rs:84:30
   |
84 |     let duration_score_box = calculate_total_duration_score(detected_total_ms, box_set_total_ms);
   |                              ^^^^^^^^^^^^^^^^^^^^^^^^^^^^^^

warning: use of deprecated function `wkmp_ai::matching::editions::calculate_total_duration_score`: Use calculate_total_duration_score_validated
   --> wkmp-ai\tests\integration\edition_selection_tests.rs:102:30
    |
102 |     let duration_score_jpn = calculate_total_duration_score(detected_total_ms, japanese_total_ms);
    |                              ^^^^^^^^^^^^^^^^^^^^^^^^^^^^^^

warning: use of deprecated function `wkmp_ai::matching::editions::calculate_total_duration_score`: Use calculate_total_duration_score_validated
   --> wkmp-ai\tests\integration\edition_selection_tests.rs:121:30
    |
121 |     let duration_score_rem = calculate_total_duration_score(detected_total_ms, remaster_total_ms);
    |                              ^^^^^^^^^^^^^^^^^^^^^^^^^^^^^^

warning: use of deprecated function `wkmp_ai::matching::editions::calculate_total_duration_score`: Use calculate_total_duration_score_validated
   --> wkmp-ai\tests\integration\edition_selection_tests.rs:244:26
    |
244 |     let duration_score = calculate_total_duration_score(detected_total_ms, edition_total_ms);
    |                          ^^^^^^^^^^^^^^^^^^^^^^^^^^^^^^

warning: function `create_test_mixed_files` is never used
   --> wkmp-ai\tests\api_integration_tests.rs:335:4
    |
335 | fn create_test_mixed_files() -> tempfile::TempDir {
    |    ^^^^^^^^^^^^^^^^^^^^^^^
    |
    = note: `#[warn(dead_code)]` on by default

warning: struct `TestFixture` is never constructed
  --> wkmp-ai\tests\album_matcher_integration.rs:52:8
   |
52 | struct TestFixture {
   |        ^^^^^^^^^^^
   |
   = note: `#[warn(dead_code)]` on by default

warning: constant `TEST_FIXTURES` is never used
  --> wkmp-ai\tests\album_matcher_integration.rs:61:7
   |
61 | const TEST_FIXTURES: &[TestFixture] = &[
   |       ^^^^^^^^^^^^^

warning: fields `cid`, `type`, `notnull`, `dflt_value`, and `pk` are never read
  --> wkmp-ai\tests\helpers\db_utils.rs:13:9
   |
12 | pub struct ColumnInfo {
   |            ---------- fields in this struct
13 |     pub cid: i32,
   |         ^^^
14 |     pub name: String,
15 |     pub r#type: String,
   |         ^^^^^^
16 |     pub notnull: i32,
   |         ^^^^^^^
17 |     pub dflt_value: Option<String>,
   |         ^^^^^^^^^^
18 |     pub pk: i32,
   |         ^^
   |
   = note: `ColumnInfo` has a derived impl for the trait `Debug`, but this is intentionally ignored during dead code analysis
   = note: `#[warn(dead_code)]` on by default

warning: function `create_test_orchestrator` is never used
  --> wkmp-ai\tests\helpers\db_utils.rs:84:8
   |
84 | pub fn create_test_orchestrator(
   |        ^^^^^^^^^^^^^^^^^^^^^^^^

warning: function `seed_test_files` is never used
   --> wkmp-ai\tests\helpers\db_utils.rs:105:14
    |
105 | pub async fn seed_test_files(
    |              ^^^^^^^^^^^^^^^

warning: fields `level` and `target` are never read
  --> wkmp-ai\tests\helpers\log_capture.rs:13:9
   |
12 | pub struct LogRecord {
   |            --------- fields in this struct
13 |     pub level: Level,
   |         ^^^^^
14 |     pub target: String,
   |         ^^^^^^
   |
   = note: `LogRecord` has derived impls for the traits `Clone` and `Debug`, but these are intentionally ignored during dead code analysis

warning: method `clear` is never used
  --> wkmp-ai\tests\helpers\log_capture.rs:38:12
   |
24 | impl LogCapture {
   | --------------- method in this implementation
...
38 |     pub fn clear(&self) {
   |            ^^^^^

warning: function `init_test_logging` is never used
   --> wkmp-ai\tests\helpers\log_capture.rs:143:8
    |
143 | pub fn init_test_logging() -> LogCapture {
    |        ^^^^^^^^^^^^^^^^^

warning: unused variable: `audio_files`
  --> wkmp-ai\tests\integration\orchestrator_integration_tests.rs:44:9
   |
44 |     let audio_files =
   |         ^^^^^^^^^^^ help: if this is intentional, prefix it with an underscore: `_audio_files`
   |
   = note: `#[warn(unused_variables)]` on by default

warning: unused import: `std::path::PathBuf`
 --> wkmp-ai\tests\component_tests.rs:7:5
  |
7 | use std::path::PathBuf;
  |     ^^^^^^^^^^^^^^^^^^
  |
  = note: `#[warn(unused_imports)]` on by default

warning: unnecessary parentheses around closure body
   --> wkmp-ai\tests\component_tests.rs:371:18
    |
371 |         .map(|i| (i as f32 / 132300.0)) // Linear ramp
    |                  ^                   ^
    |
    = note: `#[warn(unused_parens)]` on by default
help: remove these parentheses
    |
371 -         .map(|i| (i as f32 / 132300.0)) // Linear ramp
371 +         .map(|i| i as f32 / 132300.0) // Linear ramp
    |

warning: comparison is useless due to type limits
   --> wkmp-ai\tests\workflow_tests.rs:175:13
    |
175 |     assert!(session.progress.elapsed_seconds >= 0);
    |             ^^^^^^^^^^^^^^^^^^^^^^^^^^^^^^^^^^^^^
    |
    = note: `#[warn(unused_comparisons)]` on by default

warning: unused import: `std::path::Path`
 --> wkmp-ai\tests\architecture\pipeline_architecture_tests.rs:5:5
  |
5 | use std::path::Path;
  |     ^^^^^^^^^^^^^^^
  |
  = note: `#[warn(unused_imports)]` on by default

warning: unused import: `wkmp_ai::services::WorkflowOrchestrator`
 --> wkmp-ai\tests\architecture\pipeline_architecture_tests.rs:8:5
  |
8 | use wkmp_ai::services::WorkflowOrchestrator;
  |     ^^^^^^^^^^^^^^^^^^^^^^^^^^^^^^^^^^^^^^^

warning: unused import: `std::path::Path`
 --> wkmp-ai\tests\helpers\db_utils.rs:7:5
  |
7 | use std::path::Path;
  |     ^^^^^^^^^^^^^^^

warning: function `assert_no_column` is never used
  --> wkmp-ai\tests\helpers\db_utils.rs:54:14
   |
54 | pub async fn assert_no_column(pool: &SqlitePool, table_name: &str, column_name: &str) {
   |              ^^^^^^^^^^^^^^^^

warning: function `assert_has_column` is never used
  --> wkmp-ai\tests\helpers\db_utils.rs:64:14
   |
64 | pub async fn assert_has_column(pool: &SqlitePool, table_name: &str, column_name: &str) {
   |              ^^^^^^^^^^^^^^^^^

warning: unused import: `Context`
 --> wkmp-ai\tests\cascade_refinement_test.rs:8:14
  |
8 | use anyhow::{Context, Result};
  |              ^^^^^^^
  |
  = note: `#[warn(unused_imports)]` on by default

warning: `wkmp-ai` (test "workflow_tests") generated 1 warning
warning: unused variable: `sample_rate`
  --> wkmp-ai\tests\cascade_refinement_test.rs:29:64
   |
29 |     fn from_passage_boundaries(boundaries: &[PassageBoundary], sample_rate: u32) -> Self {
   |                                                                ^^^^^^^^^^^ help: if this is intentional, prefix it with an underscore: `_sample_rate`
   |
   = note: `#[warn(unused_variables)]` on by default

warning: unused variable: `sample_rate`
  --> wkmp-ai\tests\cascade_refinement_test.rs:50:37
   |
50 |     fn to_passage_boundaries(&self, sample_rate: u32) -> Vec<PassageBoundary> {
   |                                     ^^^^^^^^^^^ help: if this is intentional, prefix it with an underscore: `_sample_rate`

warning: `wkmp-ai` (lib test) generated 134 warnings (101 duplicates) (run `cargo fix --lib -p wkmp-ai --tests` to apply 10 suggestions)
warning: `wkmp-ai` (test "component_tests") generated 2 warnings (run `cargo fix --test "component_tests"` to apply 2 suggestions)
warning: unused import: `tempfile::TempDir`
 --> wkmp-ai\tests\unit\path_handling_tests.rs:6:5
  |
6 | use tempfile::TempDir;
  |     ^^^^^^^^^^^^^^^^^

warning: unused import: `ImportState`
 --> wkmp-ai\tests\unit\phase_scanning_tests.rs:6:56
  |
6 | use wkmp_ai::models::{ImportParameters, ImportSession, ImportState};
  |                                                        ^^^^^^^^^^^

warning: unused import: `wkmp_ai::services::WorkflowOrchestrator`
 --> wkmp-ai\tests\unit\phase_scanning_tests.rs:7:5
  |
7 | use wkmp_ai::services::WorkflowOrchestrator;
  |     ^^^^^^^^^^^^^^^^^^^^^^^^^^^^^^^^^^^^^^^

warning: unused variable: `audio_files`
  --> wkmp-ai\tests\unit\phase_scanning_tests.rs:43:9
   |
43 |     let audio_files =
   |         ^^^^^^^^^^^ help: if this is intentional, prefix it with an underscore: `_audio_files`
   |
   = note: `#[warn(unused_variables)]` on by default

warning: unused variable: `result`
  --> wkmp-ai\tests\unit\phase_scanning_tests.rs:63:9
   |
63 |     let result = orchestrator
   |         ^^^^^^ help: if this is intentional, prefix it with an underscore: `_result`

warning: variable does not need to be mutable
  --> wkmp-ai\tests\unit\phase_scanning_tests.rs:50:9
   |
50 |     let mut session = ImportSession::new(
   |         ----^^^^^^^
   |         |
   |         help: remove this `mut`
   |
   = note: `#[warn(unused_mut)]` on by default

warning: `wkmp-ai` (test "api_integration_tests") generated 1 warning
warning: struct `BaselineResult` is never constructed
  --> wkmp-ai\tests\run29f_comparison_test.rs:63:8
   |
63 | struct BaselineResult {
   |        ^^^^^^^^^^^^^^
   |
   = note: `#[warn(dead_code)]` on by default

warning: `wkmp-ai` (test "database_schema_validation") generated 11 warnings (5 duplicates)
warning: `wkmp-ai` (test "album_matcher_integration") generated 2 warnings
warning: unnecessary parentheses around block return value
  --> wkmp-ai\tests\workflow_integration.rs:75:13
   |
75 |             (i16::MAX / 4)
   |             ^            ^
   |
   = note: `#[warn(unused_parens)]` on by default
help: remove these parentheses
   |
75 -             (i16::MAX / 4)
75 +             i16::MAX / 4
   |

warning: unnecessary parentheses around block return value
  --> wkmp-ai\tests\workflow_integration.rs:78:13
   |
78 |             (i16::MAX / 4)
   |             ^            ^
   |
help: remove these parentheses
   |
78 -             (i16::MAX / 4)
78 +             i16::MAX / 4
   |

warning: use of deprecated function `wkmp_ai::workflow::boundary_detector::detect_boundaries`: Use detect_boundaries_with_audio() to avoid re-decoding audio for extractors
   --> wkmp-ai\tests\workflow_integration.rs:263:41
    |
263 |     let boundaries = boundary_detector::detect_boundaries(&wav_path).await;
    |                                         ^^^^^^^^^^^^^^^^^
    |
    = note: `#[warn(deprecated)]` on by default

warning: `wkmp-ai` (test "workflow_integration") generated 3 warnings (run `cargo fix --test "workflow_integration"` to apply 2 suggestions)
warning: `wkmp-ai` (test "cascade_refinement_test") generated 3 warnings (run `cargo fix --test "cascade_refinement_test"` to apply 1 suggestion)
warning: `wkmp-ai` (test "run29f_comparison_test") generated 1 warning
warning: `wkmp-ai` (test "orchestrator_integration") generated 17 warnings (3 duplicates) (run `cargo fix --test "orchestrator_integration"` to apply 6 suggestions)
warning: `wkmp-ai` (test "full_library_import_test") generated 13 warnings (11 duplicates)
warning: `wkmp-ai` (test "architecture_compliance_tests") generated 12 warnings (9 duplicates) (run `cargo fix --test "architecture_compliance_tests"` to apply 3 suggestions)
warning: `wkmp-ai` (test "unit_tests") generated 16 warnings (10 duplicates) (run `cargo fix --test "unit_tests"` to apply 4 suggestions)
    Finished `release` profile [optimized] target(s) in 2m 17s
     Running unittests src\lib.rs (C:\Users\Mango Cat\Dev\McRhythm\target\release\deps\wkmp_ai-71c635e8a9b97814.exe)

running 0 tests

test result: ok. 0 passed; 0 failed; 0 ignored; 0 measured; 735 filtered out; finished in 0.00s

     Running unittests src\main.rs (C:\Users\Mango Cat\Dev\McRhythm\target\release\deps\wkmp_ai-69783186e8f66319.exe)

running 0 tests

test result: ok. 0 passed; 0 failed; 0 ignored; 0 measured; 0 filtered out; finished in 0.00s

     Running tests\album_matcher_accuracy_test.rs (C:\Users\Mango Cat\Dev\McRhythm\target\release\deps\album_matcher_accuracy_test-0c124514026a9393.exe)

running 0 tests

test result: ok. 0 passed; 0 failed; 0 ignored; 0 measured; 2 filtered out; finished in 0.00s

     Running tests\album_matcher_integration.rs (C:\Users\Mango Cat\Dev\McRhythm\target\release\deps\album_matcher_integration-f2af3c96ec0c4118.exe)

running 0 tests

test result: ok. 0 passed; 0 failed; 0 ignored; 0 measured; 18 filtered out; finished in 0.00s

     Running tests\api_integration_tests.rs (C:\Users\Mango Cat\Dev\McRhythm\target\release\deps\api_integration_tests-43d566bd8f8113a7.exe)

running 0 tests

test result: ok. 0 passed; 0 failed; 0 ignored; 0 measured; 13 filtered out; finished in 0.00s

     Running tests\architecture_compliance_tests.rs (C:\Users\Mango Cat\Dev\McRhythm\target\release\deps\architecture_compliance_tests-918539f28adfe857.exe)

running 0 tests

test result: ok. 0 passed; 0 failed; 0 ignored; 0 measured; 13 filtered out; finished in 0.00s

     Running tests\bootstrap_config_tests.rs (C:\Users\Mango Cat\Dev\McRhythm\target\release\deps\bootstrap_config_tests-04344f731a196e99.exe)

running 0 tests

test result: ok. 0 passed; 0 failed; 0 ignored; 0 measured; 10 filtered out; finished in 0.00s

     Running tests\boundary_detection_long_file_test.rs (C:\Users\Mango Cat\Dev\McRhythm\target\release\deps\boundary_detection_long_file_test-30049d010153c8f7.exe)

running 0 tests

test result: ok. 0 passed; 0 failed; 0 ignored; 0 measured; 3 filtered out; finished in 0.00s

     Running tests\boundary_refinement_semantically_correct_test.rs (C:\Users\Mango Cat\Dev\McRhythm\target\release\deps\boundary_refinement_semantically_correct_test-5c5616f54db1ecb0.exe)

running 0 tests

test result: ok. 0 passed; 0 failed; 0 ignored; 0 measured; 1 filtered out; finished in 0.00s

     Running tests\cascade_refinement_test.rs (C:\Users\Mango Cat\Dev\McRhythm\target\release\deps\cascade_refinement_test-525faf308adc9ab1.exe)

running 0 tests

test result: ok. 0 passed; 0 failed; 0 ignored; 0 measured; 1 filtered out; finished in 0.00s

     Running tests\component_tests.rs (C:\Users\Mango Cat\Dev\McRhythm\target\release\deps\component_tests-d1701a208a044c4b.exe)

running 0 tests

test result: ok. 0 passed; 0 failed; 0 ignored; 0 measured; 18 filtered out; finished in 0.00s

     Running tests\concurrent_tests.rs (C:\Users\Mango Cat\Dev\McRhythm\target\release\deps\concurrent_tests-92d8e56975d54aac.exe)

running 0 tests

test result: ok. 0 passed; 0 failed; 0 ignored; 0 measured; 3 filtered out; finished in 0.00s

     Running tests\config_tests.rs (C:\Users\Mango Cat\Dev\McRhythm\target\release\deps\config_tests-2d0a85dd49ad9a70.exe)

running 0 tests

test result: ok. 0 passed; 0 failed; 0 ignored; 0 measured; 16 filtered out; finished in 0.00s

     Running tests\database_schema_validation.rs (C:\Users\Mango Cat\Dev\McRhythm\target\release\deps\database_schema_validation-4f6b0ab07d7f7c50.exe)

running 0 tests

test result: ok. 0 passed; 0 failed; 0 ignored; 0 measured; 15 filtered out; finished in 0.00s

     Running tests\db_settings_tests.rs (C:\Users\Mango Cat\Dev\McRhythm\target\release\deps\db_settings_tests-f3ffa69acad7172a.exe)

running 0 tests

test result: ok. 0 passed; 0 failed; 0 ignored; 0 measured; 4 filtered out; finished in 0.00s

     Running tests\debug_search_strategies.rs (C:\Users\Mango Cat\Dev\McRhythm\target\release\deps\debug_search_strategies-2abd3e28efaf252d.exe)

running 1 test

=== Debug: The Go-Go's Search ===

File: "C:\\Users\\Mango Cat\\Music\\Go Gos, The/BeautyAndTheBeat.mp3"
Artist: The Go-Go's
Album: Beauty And The Beat

Cleared search cache for go-go's

Starting album match...

[2m2026-01-19T16:35:03.188833Z[0m [32m INFO[0m [2mwkmp_ai::matching::album_matcher[0m[2m:[0m Starting album match for: C:\Users\Mango Cat\Music\Go Gos, The/BeautyAndTheBeat.mp3
[2m2026-01-19T16:35:03.190839Z[0m [32m INFO[0m [2mwkmp_ai::matching::album_matcher[0m[2m:[0m Starting parallel: decode + MusicBrainz lookup for artist=The Go-Go's, album=Beauty And The Beat
[2m2026-01-19T16:35:03.191400Z[0m [32m INFO[0m [2mwkmp_ai::services::musicbrainz_client[0m[2m:[0m Trying MusicBrainz search strategy [3mstrategy[0m[2m=[0m1 [3mtotal[0m[2m=[0m11 [3mquery[0m[2m=[0mtype:album AND artist:The Go-Go's AND release:Beauty And The Beat [3martist[0m[2m=[0mThe Go-Go's [3malbum[0m[2m=[0mBeauty And The Beat
[2m2026-01-19T16:35:03.191438Z[0m [32m INFO[0m [2mwkmp_ai::services::musicbrainz_client[0m[2m:[0m Searching MusicBrainz releases [3mquery[0m[2m=[0mtype:album AND artist:The Go-Go's AND release:Beauty And The Beat [3mlimit[0m[2m=[0m25 [3murl[0m[2m=[0mhttps://musicbrainz.org/ws/2/release/?query=type%3Aalbum%20AND%20artist%3AThe%20Go-Go%27s%20AND%20release%3ABeauty%20And%20The%20Beat&limit=25&fmt=json
[2m2026-01-19T16:35:03.830070Z[0m [32m INFO[0m [2mwkmp_ai::services::musicbrainz_client[0m[2m:[0m MusicBrainz API response [3mstatus[0m[2m=[0m200 OK [3mquery[0m[2m=[0mtype:album AND artist:The Go-Go's AND release:Beauty And The Beat
[2m2026-01-19T16:35:03.830101Z[0m [32m INFO[0m [2mwkmp_ai::services::musicbrainz_client[0m[2m:[0m Release search completed [3mquery[0m[2m=[0mtype:album AND artist:The Go-Go's AND release:Beauty And The Beat [3mcount[0m[2m=[0m0 [3mresults[0m[2m=[0m0
[2m2026-01-19T16:35:03.830107Z[0m [32m INFO[0m [2mwkmp_ai::services::musicbrainz_client[0m[2m:[0m Strategy returned results [3mstrategy[0m[2m=[0m1 [3mresults[0m[2m=[0m0 [3mquery[0m[2m=[0mtype:album AND artist:The Go-Go's AND release:Beauty And The Beat
[2m2026-01-19T16:35:03.830111Z[0m [32m INFO[0m [2mwkmp_ai::services::musicbrainz_client[0m[2m:[0m Trying MusicBrainz search strategy [3mstrategy[0m[2m=[0m2 [3mtotal[0m[2m=[0m11 [3mquery[0m[2m=[0mtype:album AND artist:The Go-Go's AND release:"Beauty  And  The  Beat" [3martist[0m[2m=[0mThe Go-Go's [3malbum[0m[2m=[0mBeauty And The Beat
[2m2026-01-19T16:35:04.198180Z[0m [32m INFO[0m [2mwkmp_ai::services::musicbrainz_client[0m[2m:[0m Searching MusicBrainz releases [3mquery[0m[2m=[0mtype:album AND artist:The Go-Go's AND release:"Beauty  And  The  Beat" [3mlimit[0m[2m=[0m25 [3murl[0m[2m=[0mhttps://musicbrainz.org/ws/2/release/?query=type%3Aalbum%20AND%20artist%3AThe%20Go-Go%27s%20AND%20release%3A%22Beauty%20%20And%20%20The%20%20Beat%22&limit=25&fmt=json
[2m2026-01-19T16:35:04.359441Z[0m [32m INFO[0m [2mwkmp_ai::services::musicbrainz_client[0m[2m:[0m MusicBrainz API response [3mstatus[0m[2m=[0m200 OK [3mquery[0m[2m=[0mtype:album AND artist:The Go-Go's AND release:"Beauty  And  The  Beat"
[2m2026-01-19T16:35:04.359473Z[0m [32m INFO[0m [2mwkmp_ai::services::musicbrainz_client[0m[2m:[0m Release search completed [3mquery[0m[2m=[0mtype:album AND artist:The Go-Go's AND release:"Beauty  And  The  Beat" [3mcount[0m[2m=[0m0 [3mresults[0m[2m=[0m0
[2m2026-01-19T16:35:04.359478Z[0m [32m INFO[0m [2mwkmp_ai::services::musicbrainz_client[0m[2m:[0m Strategy returned results [3mstrategy[0m[2m=[0m2 [3mresults[0m[2m=[0m0 [3mquery[0m[2m=[0mtype:album AND artist:The Go-Go's AND release:"Beauty  And  The  Beat"
[2m2026-01-19T16:35:04.359482Z[0m [32m INFO[0m [2mwkmp_ai::services::musicbrainz_client[0m[2m:[0m Trying MusicBrainz search strategy [3mstrategy[0m[2m=[0m3 [3mtotal[0m[2m=[0m11 [3mquery[0m[2m=[0mtype:album AND artist:The Go-Go's~ AND release:Beauty And The Beat~ [3martist[0m[2m=[0mThe Go-Go's [3malbum[0m[2m=[0mBeauty And The Beat
[2m2026-01-19T16:35:05.198815Z[0m [32m INFO[0m [2mwkmp_ai::services::musicbrainz_client[0m[2m:[0m Searching MusicBrainz releases [3mquery[0m[2m=[0mtype:album AND artist:The Go-Go's~ AND release:Beauty And The Beat~ [3mlimit[0m[2m=[0m25 [3murl[0m[2m=[0mhttps://musicbrainz.org/ws/2/release/?query=type%3Aalbum%20AND%20artist%3AThe%20Go-Go%27s~%20AND%20release%3ABeauty%20And%20The%20Beat~&limit=25&fmt=json
[2m2026-01-19T16:35:05.870803Z[0m [32m INFO[0m [2mwkmp_ai::services::musicbrainz_client[0m[2m:[0m MusicBrainz API response [3mstatus[0m[2m=[0m200 OK [3mquery[0m[2m=[0mtype:album AND artist:The Go-Go's~ AND release:Beauty And The Beat~
[2m2026-01-19T16:35:05.870875Z[0m [32m INFO[0m [2mwkmp_ai::services::musicbrainz_client[0m[2m:[0m Release search completed [3mquery[0m[2m=[0mtype:album AND artist:The Go-Go's~ AND release:Beauty And The Beat~ [3mcount[0m[2m=[0m0 [3mresults[0m[2m=[0m0
[2m2026-01-19T16:35:05.870894Z[0m [32m INFO[0m [2mwkmp_ai::services::musicbrainz_client[0m[2m:[0m Strategy returned results [3mstrategy[0m[2m=[0m3 [3mresults[0m[2m=[0m0 [3mquery[0m[2m=[0mtype:album AND artist:The Go-Go's~ AND release:Beauty And The Beat~
[2m2026-01-19T16:35:05.870909Z[0m [32m INFO[0m [2mwkmp_ai::services::musicbrainz_client[0m[2m:[0m Trying MusicBrainz search strategy [3mstrategy[0m[2m=[0m4 [3mtotal[0m[2m=[0m11 [3mquery[0m[2m=[0mtype:album AND artist:The Go-Go's~2 AND release:Beauty And The Beat~2 [3martist[0m[2m=[0mThe Go-Go's [3malbum[0m[2m=[0mBeauty And The Beat
[2m2026-01-19T16:35:06.203458Z[0m [32m INFO[0m [2mwkmp_ai::services::musicbrainz_client[0m[2m:[0m Searching MusicBrainz releases [3mquery[0m[2m=[0mtype:album AND artist:The Go-Go's~2 AND release:Beauty And The Beat~2 [3mlimit[0m[2m=[0m25 [3murl[0m[2m=[0mhttps://musicbrainz.org/ws/2/release/?query=type%3Aalbum%20AND%20artist%3AThe%20Go-Go%27s~2%20AND%20release%3ABeauty%20And%20The%20Beat~2&limit=25&fmt=json
[2m2026-01-19T16:35:06.696410Z[0m [32m INFO[0m [2mwkmp_ai::services::musicbrainz_client[0m[2m:[0m MusicBrainz API response [3mstatus[0m[2m=[0m200 OK [3mquery[0m[2m=[0mtype:album AND artist:The Go-Go's~2 AND release:Beauty And The Beat~2
[2m2026-01-19T16:35:06.696506Z[0m [32m INFO[0m [2mwkmp_ai::services::musicbrainz_client[0m[2m:[0m Release search completed [3mquery[0m[2m=[0mtype:album AND artist:The Go-Go's~2 AND release:Beauty And The Beat~2 [3mcount[0m[2m=[0m0 [3mresults[0m[2m=[0m0
[2m2026-01-19T16:35:06.696527Z[0m [32m INFO[0m [2mwkmp_ai::services::musicbrainz_client[0m[2m:[0m Strategy returned results [3mstrategy[0m[2m=[0m4 [3mresults[0m[2m=[0m0 [3mquery[0m[2m=[0mtype:album AND artist:The Go-Go's~2 AND release:Beauty And The Beat~2
[2m2026-01-19T16:35:06.696542Z[0m [32m INFO[0m [2mwkmp_ai::services::musicbrainz_client[0m[2m:[0m Trying MusicBrainz search strategy [3mstrategy[0m[2m=[0m5 [3mtotal[0m[2m=[0m11 [3mquery[0m[2m=[0mtype:album AND artist:(The~ Go-Go's~) AND release:(Beauty~ And~ The~ Beat~) [3martist[0m[2m=[0mThe Go-Go's [3malbum[0m[2m=[0mBeauty And The Beat
[2m2026-01-19T16:35:07.219107Z[0m [32m INFO[0m [2mwkmp_ai::services::musicbrainz_client[0m[2m:[0m Searching MusicBrainz releases [3mquery[0m[2m=[0mtype:album AND artist:(The~ Go-Go's~) AND release:(Beauty~ And~ The~ Beat~) [3mlimit[0m[2m=[0m25 [3murl[0m[2m=[0mhttps://musicbrainz.org/ws/2/release/?query=type%3Aalbum%20AND%20artist%3A%28The~%20Go-Go%27s~%29%20AND%20release%3A%28Beauty~%20And~%20The~%20Beat~%29&limit=25&fmt=json
[2m2026-01-19T16:35:07.906105Z[0m [32m INFO[0m [2mwkmp_ai::services::musicbrainz_client[0m[2m:[0m MusicBrainz API response [3mstatus[0m[2m=[0m200 OK [3mquery[0m[2m=[0mtype:album AND artist:(The~ Go-Go's~) AND release:(Beauty~ And~ The~ Beat~)
[2m2026-01-19T16:35:07.907399Z[0m [32m INFO[0m [2mwkmp_ai::services::musicbrainz_client[0m[2m:[0m Release search completed [3mquery[0m[2m=[0mtype:album AND artist:(The~ Go-Go's~) AND release:(Beauty~ And~ The~ Beat~) [3mcount[0m[2m=[0m73480 [3mresults[0m[2m=[0m25
[2m2026-01-19T16:35:07.907441Z[0m [32m INFO[0m [2mwkmp_ai::services::musicbrainz_client[0m[2m:[0m Strategy returned results [3mstrategy[0m[2m=[0m5 [3mresults[0m[2m=[0m25 [3mquery[0m[2m=[0mtype:album AND artist:(The~ Go-Go's~) AND release:(Beauty~ And~ The~ Beat~)
[2m2026-01-19T16:35:08.437449Z[0m [32m INFO[0m [2mwkmp_ai::services::musicbrainz_client[0m[2m:[0m Retrieved release details from MusicBrainz [3mmbid[0m[2m=[0m8e69dd0a-99f7-4edf-8a3b-c2bc47c7c439 [3mtitle[0m[2m=[0mBeauty and the Beast [3mtracks[0m[2m=[0m11
[2m2026-01-19T16:35:09.602604Z[0m [32m INFO[0m [2mwkmp_ai::services::musicbrainz_client[0m[2m:[0m Retrieved release details from MusicBrainz [3mmbid[0m[2m=[0mfdabf0bd-08fa-4956-9edc-41a7bf019142 [3mtitle[0m[2m=[0mBeauty and the Beast [3mtracks[0m[2m=[0m15
[2m2026-01-19T16:35:10.651870Z[0m [32m INFO[0m [2mwkmp_ai::services::musicbrainz_client[0m[2m:[0m Retrieved release details from MusicBrainz [3mmbid[0m[2m=[0me12cb9c3-ac21-4c81-b04b-3158de389964 [3mtitle[0m[2m=[0mBeauty and the Beats [3mtracks[0m[2m=[0m19
[2m2026-01-19T16:35:11.679401Z[0m [32m INFO[0m [2mwkmp_ai::services::musicbrainz_client[0m[2m:[0m Retrieved release details from MusicBrainz [3mmbid[0m[2m=[0mb175790d-88b5-4939-be95-29179a39e105 [3mtitle[0m[2m=[0mBeauty and the Beast [3mtracks[0m[2m=[0m14
[2m2026-01-19T16:35:12.481772Z[0m [32m INFO[0m [2mwkmp_ai::services::musicbrainz_client[0m[2m:[0m Retrieved release details from MusicBrainz [3mmbid[0m[2m=[0mf6d99919-8200-4df5-8d36-5d145658983d [3mtitle[0m[2m=[0mBeauty Of The Beast [3mtracks[0m[2m=[0m12
[2m2026-01-19T16:35:13.496325Z[0m [32m INFO[0m [2mwkmp_ai::services::musicbrainz_client[0m[2m:[0m Retrieved release details from MusicBrainz [3mmbid[0m[2m=[0ma62dcaf8-8208-495b-971f-e732d3d1e1bf [3mtitle[0m[2m=[0mBeauty & The East [3mtracks[0m[2m=[0m16
[2m2026-01-19T16:35:14.477674Z[0m [32m INFO[0m [2mwkmp_ai::services::musicbrainz_client[0m[2m:[0m Retrieved release details from MusicBrainz [3mmbid[0m[2m=[0m540da971-6fab-4055-bad2-66e533169bed [3mtitle[0m[2m=[0mThe Beauty and the Grace [3mtracks[0m[2m=[0m8
[2m2026-01-19T16:35:15.598037Z[0m [32m INFO[0m [2mwkmp_ai::services::musicbrainz_client[0m[2m:[0m Retrieved release details from MusicBrainz [3mmbid[0m[2m=[0me55cb3ff-e751-4525-8e9a-e91ec424de5b [3mtitle[0m[2m=[0mThe Beauty & The Horror [3mtracks[0m[2m=[0m9
[2m2026-01-19T16:35:16.756330Z[0m [32m INFO[0m [2mwkmp_ai::services::musicbrainz_client[0m[2m:[0m Retrieved release details from MusicBrainz [3mmbid[0m[2m=[0m119a93d9-c487-4005-ac06-f315850accac [3mtitle[0m[2m=[0mBeauty and the Beatbox [3mtracks[0m[2m=[0m11
[2m2026-01-19T16:35:17.499048Z[0m [32m INFO[0m [2mwkmp_ai::services::musicbrainz_client[0m[2m:[0m Retrieved release details from MusicBrainz [3mmbid[0m[2m=[0m4bf38672-6eb0-40bc-8533-34ff6438c983 [3mtitle[0m[2m=[0mStrength & Beauty [3mtracks[0m[2m=[0m11
[2m2026-01-19T16:35:18.704726Z[0m [32m INFO[0m [2mwkmp_ai::services::musicbrainz_client[0m[2m:[0m Retrieved release details from MusicBrainz [3mmbid[0m[2m=[0mca4e43d3-e337-4dd2-b8be-6c8683fe70ca [3mtitle[0m[2m=[0mStrength & Beauty [3mtracks[0m[2m=[0m11
[2m2026-01-19T16:35:19.571304Z[0m [32m INFO[0m [2mwkmp_ai::services::musicbrainz_client[0m[2m:[0m Retrieved release details from MusicBrainz [3mmbid[0m[2m=[0m368f90f3-2ba2-41d1-80b7-e8300d4e0b95 [3mtitle[0m[2m=[0mBeauty [3mtracks[0m[2m=[0m8
[2m2026-01-19T16:35:20.648547Z[0m [32m INFO[0m [2mwkmp_ai::services::musicbrainz_client[0m[2m:[0m Retrieved release details from MusicBrainz [3mmbid[0m[2m=[0m30b40c10-0a66-49ef-a38f-84a9f7fecd00 [3mtitle[0m[2m=[0mGrace and Beauty [3mtracks[0m[2m=[0m11
[2m2026-01-19T16:35:21.731822Z[0m [32m INFO[0m [2mwkmp_ai::services::musicbrainz_client[0m[2m:[0m Retrieved release details from MusicBrainz [3mmbid[0m[2m=[0m33f04852-439b-4db1-919e-7ddc5f1186cd [3mtitle[0m[2m=[0mBeauty And The Beast (Special Edition) [3mtracks[0m[2m=[0m19
[2m2026-01-19T16:35:22.800973Z[0m [32m INFO[0m [2mwkmp_ai::services::musicbrainz_client[0m[2m:[0m Retrieved release details from MusicBrainz [3mmbid[0m[2m=[0m04f48ce6-6447-4f3b-9f89-9816f59f166e [3mtitle[0m[2m=[0mBeauty and the Bloodsucker [3mtracks[0m[2m=[0m15
[2m2026-01-19T16:35:24.218469Z[0m [32m INFO[0m [2mwkmp_ai::services::musicbrainz_client[0m[2m:[0m Retrieved release details from MusicBrainz [3mmbid[0m[2m=[0m48ae7530-866e-4b16-9553-26bfb7e64b20 [3mtitle[0m[2m=[0mThe Death And Beauty Foundation [3mtracks[0m[2m=[0m12
[2m2026-01-19T16:35:24.604255Z[0m [32m INFO[0m [2mwkmp_ai::services::musicbrainz_client[0m[2m:[0m Retrieved release details from MusicBrainz [3mmbid[0m[2m=[0m925dd2bb-0e2f-4955-9b5a-1f391c444018 [3mtitle[0m[2m=[0mThe Death and Beauty Foundation [3mtracks[0m[2m=[0m1
[2m2026-01-19T16:35:25.696928Z[0m [32m INFO[0m [2mwkmp_ai::services::musicbrainz_client[0m[2m:[0m Retrieved release details from MusicBrainz [3mmbid[0m[2m=[0mff87ca3d-a8e0-4e14-b35d-404a119b3941 [3mtitle[0m[2m=[0mThe Beauty Room [3mtracks[0m[2m=[0m10
[2m2026-01-19T16:35:26.657846Z[0m [32m INFO[0m [2mwkmp_ai::services::musicbrainz_client[0m[2m:[0m Retrieved release details from MusicBrainz [3mmbid[0m[2m=[0m12bc1a7c-f279-4da2-91d7-bb23d990c5f5 [3mtitle[0m[2m=[0mBeauty?... [3mtracks[0m[2m=[0m11
[2m2026-01-19T16:35:27.645009Z[0m [32m INFO[0m [2mwkmp_ai::services::musicbrainz_client[0m[2m:[0m Retrieved release details from MusicBrainz [3mmbid[0m[2m=[0m3436a2ae-d24e-43a2-a813-8d3efbcbf024 [3mtitle[0m[2m=[0mBeat This! The Best of the Beat [3mtracks[0m[2m=[0m15
[2m2026-01-19T16:35:28.906833Z[0m [32m INFO[0m [2mwkmp_ai::services::musicbrainz_client[0m[2m:[0m Retrieved release details from MusicBrainz [3mmbid[0m[2m=[0m154b1366-bc58-3ea9-a467-293eafbf0830 [3mtitle[0m[2m=[0mBeat This! The Best of the Beat [3mtracks[0m[2m=[0m15
[2m2026-01-19T16:35:29.794981Z[0m [32m INFO[0m [2mwkmp_ai::services::musicbrainz_client[0m[2m:[0m Retrieved release details from MusicBrainz [3mmbid[0m[2m=[0m83164bfb-3134-4683-8837-f5fbbeeacfb0 [3mtitle[0m[2m=[0mBeat This! The Best of the Beat [3mtracks[0m[2m=[0m15
[2m2026-01-19T16:35:30.804310Z[0m [32m INFO[0m [2mwkmp_ai::services::musicbrainz_client[0m[2m:[0m Retrieved release details from MusicBrainz [3mmbid[0m[2m=[0m5a0f5ec0-416f-464e-b173-dfcb20c65e5e [3mtitle[0m[2m=[0mDilapidated Beauty [3mtracks[0m[2m=[0m18
[2m2026-01-19T16:35:31.709889Z[0m [32m INFO[0m [2mwkmp_ai::services::musicbrainz_client[0m[2m:[0m Retrieved release details from MusicBrainz [3mmbid[0m[2m=[0md840c83f-f100-465a-8edf-9343fddc29a4 [3mtitle[0m[2m=[0mBeauty Party [3mtracks[0m[2m=[0m15
[2m2026-01-19T16:35:32.662399Z[0m [32m INFO[0m [2mwkmp_ai::services::musicbrainz_client[0m[2m:[0m Retrieved release details from MusicBrainz [3mmbid[0m[2m=[0m52ccb22e-56a5-46b5-8b4e-c9372d9b3b4c [3mtitle[0m[2m=[0mBeauty Community [3mtracks[0m[2m=[0m13
[2m2026-01-19T16:35:32.662422Z[0m [32m INFO[0m [2mwkmp_ai::services::musicbrainz_client[0m[2m:[0m Found enough results, stopping search [3mstrategy[0m[2m=[0m5 [3mfound[0m[2m=[0m25
[2m2026-01-19T16:35:32.662425Z[0m [32m INFO[0m [2mwkmp_ai::services::musicbrainz_client[0m[2m:[0m Comprehensive search completed [3martist[0m[2m=[0mThe Go-Go's [3malbum[0m[2m=[0mBeauty And The Beat [3mfound[0m[2m=[0m25 [3mstrategies_tried[0m[2m=[0m11
[2m2026-01-19T16:35:32.945077Z[0m [32m INFO[0m [2mwkmp_ai::services::musicbrainz_client[0m[2m:[0m Comprehensive search completed (with caching) [3martist[0m[2m=[0mThe Go-Go's [3malbum[0m[2m=[0mBeauty And The Beat [3mfound[0m[2m=[0m25
[2m2026-01-19T16:35:32.945108Z[0m [32m INFO[0m [2mwkmp_ai::workflow::memory_tracker[0m[2m:[0m MEMORY: +377.5 MB [album_matcher decode] → Total: 377.5 MB (0.38 GB) | 94386816 samples
[2m2026-01-19T16:35:32.945120Z[0m [32m INFO[0m [2mwkmp_ai::matching::album_matcher[0m[2m:[0m Found 25 MusicBrainz releases
[2m2026-01-19T16:35:32.945279Z[0m [32m INFO[0m [2mwkmp_ai::matching::album_matcher[0m[2m:[0m Grouped into 23 unique editions
[2m2026-01-19T16:35:32.945423Z[0m [32m INFO[0m [2mwkmp_ai::matching::album_matcher[0m[2m:[0m Artist filter: 23 editions removed (0 remaining, threshold=0.60)
[2m2026-01-19T16:35:32.945432Z[0m [33m WARN[0m [2mwkmp_ai::matching::album_matcher[0m[2m:[0m No valid editions after filtering [3mfile[0m[2m=[0mC:\Users\Mango Cat\Music\Go Gos, The/BeautyAndTheBeat.mp3 [3mcandidate_count[0m[2m=[0m25

=== Result ===
✗ NO MATCH
  Status: No valid editions found
  Detected tracks: 0
test test_debug_gogos_search ... ok

test result: ok. 1 passed; 0 failed; 0 ignored; 0 measured; 2 filtered out; finished in 29.82s

     Running tests\eagles_overlap_test.rs (C:\Users\Mango Cat\Dev\McRhythm\target\release\deps\eagles_overlap_test-21f0c2fd70d37fb8.exe)

running 0 tests

test result: ok. 0 passed; 0 failed; 0 ignored; 0 measured; 1 filtered out; finished in 0.00s

     Running tests\full_library_import_test.rs (C:\Users\Mango Cat\Dev\McRhythm\target\release\deps\full_library_import_test-e4abbedd4add18ed.exe)

running 0 tests

test result: ok. 0 passed; 0 failed; 0 ignored; 0 measured; 22 filtered out; finished in 0.00s

     Running tests\http_server_tests.rs (C:\Users\Mango Cat\Dev\McRhythm\target\release\deps\http_server_tests-05f25a0d997e128d.exe)

running 0 tests

test result: ok. 0 passed; 0 failed; 0 ignored; 0 measured; 8 filtered out; finished in 0.00s

     Running tests\orchestrator_integration.rs (C:\Users\Mango Cat\Dev\McRhythm\target\release\deps\orchestrator_integration-5cf0c3813424e3ca.exe)

running 0 tests

test result: ok. 0 passed; 0 failed; 0 ignored; 0 measured; 21 filtered out; finished in 0.00s

     Running tests\performance_integration_test.rs (C:\Users\Mango Cat\Dev\McRhythm\target\release\deps\performance_integration_test-fe9e137d29f4ae32.exe)

running 0 tests

test result: ok. 0 passed; 0 failed; 0 ignored; 0 measured; 3 filtered out; finished in 0.00s

     Running tests\plan027_validation_test.rs (C:\Users\Mango Cat\Dev\McRhythm\target\release\deps\plan027_validation_test-6327040a19db903b.exe)

running 0 tests

test result: ok. 0 passed; 0 failed; 0 ignored; 0 measured; 4 filtered out; finished in 0.00s

     Running tests\recovery_tests.rs (C:\Users\Mango Cat\Dev\McRhythm\target\release\deps\recovery_tests-c7e7b44999197d35.exe)

running 0 tests

test result: ok. 0 passed; 0 failed; 0 ignored; 0 measured; 3 filtered out; finished in 0.00s

     Running tests\run29f_comparison_test.rs (C:\Users\Mango Cat\Dev\McRhythm\target\release\deps\run29f_comparison_test-fcf66717148a07cd.exe)

running 0 tests

test result: ok. 0 passed; 0 failed; 0 ignored; 0 measured; 1 filtered out; finished in 0.00s

     Running tests\run29f_full_comparison_test.rs (C:\Users\Mango Cat\Dev\McRhythm\target\release\deps\run29f_full_comparison_test-c2d674edcc8edca8.exe)

running 0 tests

test result: ok. 0 passed; 0 failed; 0 ignored; 0 measured; 1 filtered out; finished in 0.00s

     Running tests\settings_api_tests.rs (C:\Users\Mango Cat\Dev\McRhythm\target\release\deps\settings_api_tests-b5b2110681aac5b4.exe)

running 0 tests

test result: ok. 0 passed; 0 failed; 0 ignored; 0 measured; 3 filtered out; finished in 0.00s

     Running tests\single_song_integration_tests.rs (C:\Users\Mango Cat\Dev\McRhythm\target\release\deps\single_song_integration_tests-310e641a57d7dfcb.exe)

running 0 tests

test result: ok. 0 passed; 0 failed; 0 ignored; 0 measured; 17 filtered out; finished in 0.00s

     Running tests\stage0_integration.rs (C:\Users\Mango Cat\Dev\McRhythm\target\release\deps\stage0_integration-347d078179861e45.exe)

running 0 tests

test result: ok. 0 passed; 0 failed; 0 ignored; 0 measured; 10 filtered out; finished in 0.00s

     Running tests\stage6_boundary_refinement_test.rs (C:\Users\Mango Cat\Dev\McRhythm\target\release\deps\stage6_boundary_refinement_test-3f42320eaa3a079c.exe)

running 0 tests

test result: ok. 0 passed; 0 failed; 0 ignored; 0 measured; 1 filtered out; finished in 0.00s

     Running tests\system_tests.rs (C:\Users\Mango Cat\Dev\McRhythm\target\release\deps\system_tests-a39e893655f3cdea.exe)

running 0 tests

test result: ok. 0 passed; 0 failed; 0 ignored; 0 measured; 6 filtered out; finished in 0.00s

     Running tests\test_file_scanner_parallel.rs (C:\Users\Mango Cat\Dev\McRhythm\target\release\deps\test_file_scanner_parallel-cd8d23c79aeba3c5.exe)

running 0 tests

test result: ok. 0 passed; 0 failed; 0 ignored; 0 measured; 2 filtered out; finished in 0.00s

     Running tests\test_parallel_fingerprinting.rs (C:\Users\Mango Cat\Dev\McRhythm\target\release\deps\test_parallel_fingerprinting-f7330ea43ce74ea9.exe)

running 0 tests

test result: ok. 0 passed; 0 failed; 0 ignored; 0 measured; 2 filtered out; finished in 0.00s

     Running tests\unit_tests.rs (C:\Users\Mango Cat\Dev\McRhythm\target\release\deps\unit_tests-a8c691e433e7b370.exe)

running 0 tests

test result: ok. 0 passed; 0 failed; 0 ignored; 0 measured; 30 filtered out; finished in 0.00s

     Running tests\workflow_integration.rs (C:\Users\Mango Cat\Dev\McRhythm\target\release\deps\workflow_integration-c974913718de5e5c.exe)

running 0 tests

test result: ok. 0 passed; 0 failed; 0 ignored; 0 measured; 5 filtered out; finished in 0.00s

     Running tests\workflow_tests.rs (C:\Users\Mango Cat\Dev\McRhythm\target\release\deps\workflow_tests-961728c2b6ab8136.exe)

running 0 tests

test result: ok. 0 passed; 0 failed; 0 ignored; 0 measured; 9 filtered out; finished in 0.00s

