[     0.007s] === Full Library Import Test Started ===
Total files: 8
Album matching: true
Cache database: C:\Users\Mango Cat\Dev\McRhythm\wkmp-ai\test_recording_cache.db (existing)
[     0.007s] FILE_START [1/8] single_track_001.wav
[     0.010s] EVENT FileStarted: "C:\\Users\\MANGOC~1\\AppData\\Local\\Temp\\.tmpe3Sike\\single_track_001.wav"
[     0.010s] EVENT SingleTrackCheckCompleted { file_path: "C:\\Users\\MANGOC~1\\AppData\\Local\\Temp\\.tmpe3Sike\\single_track_001.wav", score: 0.8, is_single_track: true }
[     0.272s] EVENT BoundaryDetected { passage_index: 0, start_time: 0, end_time: 1270080000, confidence: 0.5, timestamp: 1766623960 }
[     0.275s] EVENT PassageStarted: passage #0
[     0.275s] EVENT ExtractionProgress { passage_index: 0, extractor: "ID3", status: "running", timestamp: 1766623960 }
[     0.275s] EVENT ExtractionProgress { passage_index: 0, extractor: "ID3", status: "completed", timestamp: 1766623960 }
[     0.275s] EVENT ExtractionProgress { passage_index: 0, extractor: "Chromaprint", status: "running", timestamp: 1766623960 }
[     0.328s] EVENT ExtractionProgress { passage_index: 0, extractor: "Chromaprint", status: "completed", timestamp: 1766623960 }
[     0.328s] EVENT ExtractionProgress { passage_index: 0, extractor: "AudioDerived", status: "running", timestamp: 1766623960 }
[     0.411s] FILE_COMPLETE [1/8] single_track_001.wav - 1 passages in 0.40s (total_elapsed: 0.4s)
[     0.411s] FILE_START [2/8] single_track_002.wav
[     0.411s] EVENT ExtractionProgress { passage_index: 0, extractor: "AudioDerived", status: "completed", timestamp: 1766623960 }
[     0.411s] EVENT ExtractionProgress { passage_index: 0, extractor: "ID3GenreMapper", status: "running", timestamp: 1766623960 }
[     0.411s] EVENT ExtractionProgress { passage_index: 0, extractor: "ID3GenreMapper", status: "failed", timestamp: 1766623960 }
[     0.411s] EVENT FusionStarted { passage_index: 0, timestamp: 1766623960 }
[     0.411s] EVENT FusionStarted { passage_index: 0, timestamp: 1766623960 }
[     0.411s] EVENT ValidationStarted { passage_index: 0, timestamp: 1766623960 }
[     0.411s] EVENT PassageCompleted: passage #0
[     0.411s] EVENT FileCompleted: "C:\\Users\\MANGOC~1\\AppData\\Local\\Temp\\.tmpe3Sike\\single_track_001.wav"
[     0.411s] EVENT FileStarted: "C:\\Users\\MANGOC~1\\AppData\\Local\\Temp\\.tmpe3Sike\\single_track_002.wav"
[     0.411s] EVENT SingleTrackCheckCompleted { file_path: "C:\\Users\\MANGOC~1\\AppData\\Local\\Temp\\.tmpe3Sike\\single_track_002.wav", score: 0.8, is_single_track: true }
[     0.681s] EVENT BoundaryDetected { passage_index: 0, start_time: 0, end_time: 1270080000, confidence: 0.5, timestamp: 1766623960 }
[     0.681s] EVENT PassageStarted: passage #0
[     0.681s] EVENT ExtractionProgress { passage_index: 0, extractor: "ID3", status: "running", timestamp: 1766623960 }
[     0.681s] EVENT ExtractionProgress { passage_index: 0, extractor: "ID3", status: "completed", timestamp: 1766623960 }
[     0.681s] EVENT ExtractionProgress { passage_index: 0, extractor: "Chromaprint", status: "running", timestamp: 1766623960 }
[     0.740s] EVENT ExtractionProgress { passage_index: 0, extractor: "Chromaprint", status: "completed", timestamp: 1766623960 }
[     0.740s] EVENT ExtractionProgress { passage_index: 0, extractor: "AudioDerived", status: "running", timestamp: 1766623960 }
[     0.827s] FILE_COMPLETE [2/8] single_track_002.wav - 1 passages in 0.42s (total_elapsed: 0.8s)
[     0.827s] FILE_START [3/8] single_track_003.wav
[     0.827s] EVENT ExtractionProgress { passage_index: 0, extractor: "AudioDerived", status: "completed", timestamp: 1766623960 }
[     0.827s] EVENT ExtractionProgress { passage_index: 0, extractor: "ID3GenreMapper", status: "running", timestamp: 1766623960 }
[     0.827s] EVENT ExtractionProgress { passage_index: 0, extractor: "ID3GenreMapper", status: "failed", timestamp: 1766623960 }
[     0.827s] EVENT FusionStarted { passage_index: 0, timestamp: 1766623960 }
[     0.827s] EVENT FusionStarted { passage_index: 0, timestamp: 1766623960 }
[     0.827s] EVENT ValidationStarted { passage_index: 0, timestamp: 1766623960 }
[     0.827s] EVENT PassageCompleted: passage #0
[     0.827s] EVENT FileCompleted: "C:\\Users\\MANGOC~1\\AppData\\Local\\Temp\\.tmpe3Sike\\single_track_002.wav"
[     0.827s] EVENT FileStarted: "C:\\Users\\MANGOC~1\\AppData\\Local\\Temp\\.tmpe3Sike\\single_track_003.wav"
[     0.827s] EVENT SingleTrackCheckCompleted { file_path: "C:\\Users\\MANGOC~1\\AppData\\Local\\Temp\\.tmpe3Sike\\single_track_003.wav", score: 0.8, is_single_track: true }
[     1.104s] EVENT BoundaryDetected { passage_index: 0, start_time: 0, end_time: 1270080000, confidence: 0.5, timestamp: 1766623961 }
[     1.104s] EVENT PassageStarted: passage #0
[     1.104s] EVENT ExtractionProgress { passage_index: 0, extractor: "ID3", status: "running", timestamp: 1766623961 }
[     1.104s] EVENT ExtractionProgress { passage_index: 0, extractor: "ID3", status: "completed", timestamp: 1766623961 }
[     1.104s] EVENT ExtractionProgress { passage_index: 0, extractor: "Chromaprint", status: "running", timestamp: 1766623961 }
[     1.160s] EVENT ExtractionProgress { passage_index: 0, extractor: "Chromaprint", status: "completed", timestamp: 1766623961 }
[     1.160s] EVENT ExtractionProgress { passage_index: 0, extractor: "AudioDerived", status: "running", timestamp: 1766623961 }
[     1.244s] FILE_COMPLETE [3/8] single_track_003.wav - 1 passages in 0.42s (total_elapsed: 1.2s)
[     1.244s] FILE_START [4/8] single_track_004.wav
[     1.244s] EVENT ExtractionProgress { passage_index: 0, extractor: "AudioDerived", status: "completed", timestamp: 1766623961 }
[     1.245s] EVENT ExtractionProgress { passage_index: 0, extractor: "ID3GenreMapper", status: "running", timestamp: 1766623961 }
[     1.245s] EVENT ExtractionProgress { passage_index: 0, extractor: "ID3GenreMapper", status: "failed", timestamp: 1766623961 }
[     1.245s] EVENT FusionStarted { passage_index: 0, timestamp: 1766623961 }
[     1.245s] EVENT FusionStarted { passage_index: 0, timestamp: 1766623961 }
[     1.245s] EVENT ValidationStarted { passage_index: 0, timestamp: 1766623961 }
[     1.245s] EVENT PassageCompleted: passage #0
[     1.245s] EVENT FileCompleted: "C:\\Users\\MANGOC~1\\AppData\\Local\\Temp\\.tmpe3Sike\\single_track_003.wav"
[     1.245s] EVENT FileStarted: "C:\\Users\\MANGOC~1\\AppData\\Local\\Temp\\.tmpe3Sike\\single_track_004.wav"
[     1.245s] EVENT SingleTrackCheckCompleted { file_path: "C:\\Users\\MANGOC~1\\AppData\\Local\\Temp\\.tmpe3Sike\\single_track_004.wav", score: 0.8, is_single_track: true }
[     1.515s] EVENT BoundaryDetected { passage_index: 0, start_time: 0, end_time: 1270080000, confidence: 0.5, timestamp: 1766623961 }
[     1.515s] EVENT PassageStarted: passage #0
[     1.515s] EVENT ExtractionProgress { passage_index: 0, extractor: "ID3", status: "running", timestamp: 1766623961 }
[     1.515s] EVENT ExtractionProgress { passage_index: 0, extractor: "ID3", status: "completed", timestamp: 1766623961 }
[     1.515s] EVENT ExtractionProgress { passage_index: 0, extractor: "Chromaprint", status: "running", timestamp: 1766623961 }
[     1.571s] EVENT ExtractionProgress { passage_index: 0, extractor: "Chromaprint", status: "completed", timestamp: 1766623961 }
[     1.571s] EVENT ExtractionProgress { passage_index: 0, extractor: "AudioDerived", status: "running", timestamp: 1766623961 }
[     1.655s] FILE_COMPLETE [4/8] single_track_004.wav - 1 passages in 0.41s (total_elapsed: 1.6s)
[     1.655s] FILE_START [5/8] single_track_005.wav
[     1.655s] EVENT ExtractionProgress { passage_index: 0, extractor: "AudioDerived", status: "completed", timestamp: 1766623961 }
[     1.655s] EVENT ExtractionProgress { passage_index: 0, extractor: "ID3GenreMapper", status: "running", timestamp: 1766623961 }
[     1.655s] EVENT ExtractionProgress { passage_index: 0, extractor: "ID3GenreMapper", status: "failed", timestamp: 1766623961 }
[     1.655s] EVENT FusionStarted { passage_index: 0, timestamp: 1766623961 }
[     1.655s] EVENT FusionStarted { passage_index: 0, timestamp: 1766623961 }
[     1.655s] EVENT ValidationStarted { passage_index: 0, timestamp: 1766623961 }
[     1.655s] EVENT PassageCompleted: passage #0
[     1.655s] EVENT FileCompleted: "C:\\Users\\MANGOC~1\\AppData\\Local\\Temp\\.tmpe3Sike\\single_track_004.wav"
[     1.655s] EVENT FileStarted: "C:\\Users\\MANGOC~1\\AppData\\Local\\Temp\\.tmpe3Sike\\single_track_005.wav"
[     1.655s] EVENT SingleTrackCheckCompleted { file_path: "C:\\Users\\MANGOC~1\\AppData\\Local\\Temp\\.tmpe3Sike\\single_track_005.wav", score: 0.8, is_single_track: true }
[     1.922s] EVENT BoundaryDetected { passage_index: 0, start_time: 0, end_time: 1270080000, confidence: 0.5, timestamp: 1766623961 }
[     1.922s] EVENT PassageStarted: passage #0
[     1.922s] EVENT ExtractionProgress { passage_index: 0, extractor: "ID3", status: "running", timestamp: 1766623961 }
[     1.922s] EVENT ExtractionProgress { passage_index: 0, extractor: "ID3", status: "completed", timestamp: 1766623961 }
[     1.922s] EVENT ExtractionProgress { passage_index: 0, extractor: "Chromaprint", status: "running", timestamp: 1766623961 }
[     1.978s] EVENT ExtractionProgress { passage_index: 0, extractor: "Chromaprint", status: "completed", timestamp: 1766623961 }
[     1.978s] EVENT ExtractionProgress { passage_index: 0, extractor: "AudioDerived", status: "running", timestamp: 1766623961 }
[     2.062s] FILE_COMPLETE [5/8] single_track_005.wav - 1 passages in 0.41s (total_elapsed: 2.1s)
[     2.062s] FILE_START [6/8] album_file_001.wav
[     2.062s] EVENT ExtractionProgress { passage_index: 0, extractor: "AudioDerived", status: "completed", timestamp: 1766623962 }
[     2.062s] EVENT ExtractionProgress { passage_index: 0, extractor: "ID3GenreMapper", status: "running", timestamp: 1766623962 }
[     2.062s] EVENT ExtractionProgress { passage_index: 0, extractor: "ID3GenreMapper", status: "failed", timestamp: 1766623962 }
[     2.062s] EVENT FusionStarted { passage_index: 0, timestamp: 1766623962 }
[     2.062s] EVENT FusionStarted { passage_index: 0, timestamp: 1766623962 }
[     2.062s] EVENT ValidationStarted { passage_index: 0, timestamp: 1766623962 }
[     2.062s] EVENT PassageCompleted: passage #0
[     2.062s] EVENT FileCompleted: "C:\\Users\\MANGOC~1\\AppData\\Local\\Temp\\.tmpe3Sike\\single_track_005.wav"
[     2.062s] EVENT FileStarted: "C:\\Users\\MANGOC~1\\AppData\\Local\\Temp\\.tmpe3Sike\\album_file_001.wav"
[     2.062s] EVENT SingleTrackCheckCompleted { file_path: "C:\\Users\\MANGOC~1\\AppData\\Local\\Temp\\.tmpe3Sike\\album_file_001.wav", score: 0.8, is_single_track: true }
[     3.343s] EVENT BoundaryDetected { passage_index: 0, start_time: 0, end_time: 1693440000, confidence: 0.8, timestamp: 1766623963 }
[     3.343s] EVENT BoundaryDetected { passage_index: 1, start_time: 1749888000, end_time: 5080320000, confidence: 0.8, timestamp: 1766623963 }
[     3.343s] EVENT PassageStarted: passage #0
[     3.343s] EVENT ExtractionProgress { passage_index: 0, extractor: "ID3", status: "running", timestamp: 1766623963 }
[     3.343s] EVENT ExtractionProgress { passage_index: 0, extractor: "ID3", status: "completed", timestamp: 1766623963 }
[     3.343s] EVENT ExtractionProgress { passage_index: 0, extractor: "Chromaprint", status: "running", timestamp: 1766623963 }
[     3.493s] EVENT ExtractionProgress { passage_index: 0, extractor: "Chromaprint", status: "completed", timestamp: 1766623963 }
[     3.493s] EVENT ExtractionProgress { passage_index: 0, extractor: "AudioDerived", status: "running", timestamp: 1766623963 }
[     3.716s] EVENT ExtractionProgress { passage_index: 0, extractor: "AudioDerived", status: "completed", timestamp: 1766623963 }
[     3.716s] EVENT ExtractionProgress { passage_index: 0, extractor: "ID3GenreMapper", status: "running", timestamp: 1766623963 }
[     3.716s] EVENT ExtractionProgress { passage_index: 0, extractor: "ID3GenreMapper", status: "failed", timestamp: 1766623963 }
[     3.716s] EVENT FusionStarted { passage_index: 0, timestamp: 1766623963 }
[     3.716s] EVENT FusionStarted { passage_index: 0, timestamp: 1766623963 }
[     3.716s] EVENT ValidationStarted { passage_index: 0, timestamp: 1766623963 }
[     3.716s] EVENT PassageCompleted: passage #0
[     3.716s] EVENT PassageStarted: passage #1
[     3.716s] EVENT ExtractionProgress { passage_index: 1, extractor: "ID3", status: "running", timestamp: 1766623963 }
[     3.716s] EVENT ExtractionProgress { passage_index: 1, extractor: "ID3", status: "completed", timestamp: 1766623963 }
[     3.716s] EVENT ExtractionProgress { passage_index: 1, extractor: "Chromaprint", status: "running", timestamp: 1766623963 }
[     3.783s] EVENT ExtractionProgress { passage_index: 1, extractor: "Chromaprint", status: "completed", timestamp: 1766623963 }
[     3.783s] EVENT ExtractionProgress { passage_index: 1, extractor: "AudioDerived", status: "running", timestamp: 1766623963 }
[     3.886s] FILE_COMPLETE [6/8] album_file_001.wav - 2 passages in 1.82s (total_elapsed: 3.9s)
[     3.886s] FILE_START [7/8] album_file_002.wav
[     3.886s] EVENT ExtractionProgress { passage_index: 1, extractor: "AudioDerived", status: "completed", timestamp: 1766623963 }
[     3.886s] EVENT ExtractionProgress { passage_index: 1, extractor: "ID3GenreMapper", status: "running", timestamp: 1766623963 }
[     3.886s] EVENT ExtractionProgress { passage_index: 1, extractor: "ID3GenreMapper", status: "failed", timestamp: 1766623963 }
[     3.886s] EVENT FusionStarted { passage_index: 1, timestamp: 1766623963 }
[     3.886s] EVENT FusionStarted { passage_index: 1, timestamp: 1766623963 }
[     3.886s] EVENT ValidationStarted { passage_index: 1, timestamp: 1766623963 }
[     3.886s] EVENT PassageCompleted: passage #1
[     3.886s] EVENT FileCompleted: "C:\\Users\\MANGOC~1\\AppData\\Local\\Temp\\.tmpe3Sike\\album_file_001.wav"
[     3.886s] EVENT FileStarted: "C:\\Users\\MANGOC~1\\AppData\\Local\\Temp\\.tmpe3Sike\\album_file_002.wav"
[     3.886s] EVENT SingleTrackCheckCompleted { file_path: "C:\\Users\\MANGOC~1\\AppData\\Local\\Temp\\.tmpe3Sike\\album_file_002.wav", score: 0.8, is_single_track: true }
[     4.929s] EVENT BoundaryDetected { passage_index: 0, start_time: 0, end_time: 1693440000, confidence: 0.8, timestamp: 1766623964 }
[     4.929s] EVENT BoundaryDetected { passage_index: 1, start_time: 1749888000, end_time: 5080320000, confidence: 0.8, timestamp: 1766623964 }
[     4.929s] EVENT PassageStarted: passage #0
[     4.929s] EVENT ExtractionProgress { passage_index: 0, extractor: "ID3", status: "running", timestamp: 1766623964 }
[     4.929s] EVENT ExtractionProgress { passage_index: 0, extractor: "ID3", status: "completed", timestamp: 1766623964 }
[     4.929s] EVENT ExtractionProgress { passage_index: 0, extractor: "Chromaprint", status: "running", timestamp: 1766623964 }
[     5.068s] EVENT ExtractionProgress { passage_index: 0, extractor: "Chromaprint", status: "completed", timestamp: 1766623965 }
[     5.068s] EVENT ExtractionProgress { passage_index: 0, extractor: "AudioDerived", status: "running", timestamp: 1766623965 }
[     5.292s] EVENT ExtractionProgress { passage_index: 0, extractor: "AudioDerived", status: "completed", timestamp: 1766623965 }
[     5.292s] EVENT ExtractionProgress { passage_index: 0, extractor: "ID3GenreMapper", status: "running", timestamp: 1766623965 }
[     5.292s] EVENT ExtractionProgress { passage_index: 0, extractor: "ID3GenreMapper", status: "failed", timestamp: 1766623965 }
[     5.292s] EVENT FusionStarted { passage_index: 0, timestamp: 1766623965 }
[     5.292s] EVENT FusionStarted { passage_index: 0, timestamp: 1766623965 }
[     5.292s] EVENT ValidationStarted { passage_index: 0, timestamp: 1766623965 }
[     5.292s] EVENT PassageCompleted: passage #0
[     5.292s] EVENT PassageStarted: passage #1
[     5.292s] EVENT ExtractionProgress { passage_index: 1, extractor: "ID3", status: "running", timestamp: 1766623965 }
[     5.292s] EVENT ExtractionProgress { passage_index: 1, extractor: "ID3", status: "completed", timestamp: 1766623965 }
[     5.292s] EVENT ExtractionProgress { passage_index: 1, extractor: "Chromaprint", status: "running", timestamp: 1766623965 }
[     5.361s] EVENT ExtractionProgress { passage_index: 1, extractor: "Chromaprint", status: "completed", timestamp: 1766623965 }
[     5.361s] EVENT ExtractionProgress { passage_index: 1, extractor: "AudioDerived", status: "running", timestamp: 1766623965 }
[     5.464s] FILE_COMPLETE [7/8] album_file_002.wav - 2 passages in 1.58s (total_elapsed: 5.5s)
[     5.464s] FILE_START [8/8] album_file_003.wav
[     5.464s] EVENT ExtractionProgress { passage_index: 1, extractor: "AudioDerived", status: "completed", timestamp: 1766623965 }
[     5.464s] EVENT ExtractionProgress { passage_index: 1, extractor: "ID3GenreMapper", status: "running", timestamp: 1766623965 }
[     5.464s] EVENT ExtractionProgress { passage_index: 1, extractor: "ID3GenreMapper", status: "failed", timestamp: 1766623965 }
[     5.464s] EVENT FusionStarted { passage_index: 1, timestamp: 1766623965 }
[     5.464s] EVENT FusionStarted { passage_index: 1, timestamp: 1766623965 }
[     5.464s] EVENT ValidationStarted { passage_index: 1, timestamp: 1766623965 }
[     5.464s] EVENT PassageCompleted: passage #1
[     5.464s] EVENT FileCompleted: "C:\\Users\\MANGOC~1\\AppData\\Local\\Temp\\.tmpe3Sike\\album_file_002.wav"
[     5.464s] EVENT FileStarted: "C:\\Users\\MANGOC~1\\AppData\\Local\\Temp\\.tmpe3Sike\\album_file_003.wav"
[     5.464s] EVENT SingleTrackCheckCompleted { file_path: "C:\\Users\\MANGOC~1\\AppData\\Local\\Temp\\.tmpe3Sike\\album_file_003.wav", score: 0.8, is_single_track: true }
[     6.501s] EVENT BoundaryDetected { passage_index: 0, start_time: 0, end_time: 1693440000, confidence: 0.8, timestamp: 1766623966 }
[     6.501s] EVENT BoundaryDetected { passage_index: 1, start_time: 1749888000, end_time: 5080320000, confidence: 0.8, timestamp: 1766623966 }
[     6.501s] EVENT PassageStarted: passage #0
[     6.501s] EVENT ExtractionProgress { passage_index: 0, extractor: "ID3", status: "running", timestamp: 1766623966 }
[     6.501s] EVENT ExtractionProgress { passage_index: 0, extractor: "ID3", status: "completed", timestamp: 1766623966 }
[     6.501s] EVENT ExtractionProgress { passage_index: 0, extractor: "Chromaprint", status: "running", timestamp: 1766623966 }
[     6.633s] EVENT ExtractionProgress { passage_index: 0, extractor: "Chromaprint", status: "completed", timestamp: 1766623966 }
[     6.633s] EVENT ExtractionProgress { passage_index: 0, extractor: "AudioDerived", status: "running", timestamp: 1766623966 }
[     6.857s] EVENT ExtractionProgress { passage_index: 0, extractor: "AudioDerived", status: "completed", timestamp: 1766623966 }
[     6.857s] EVENT ExtractionProgress { passage_index: 0, extractor: "ID3GenreMapper", status: "running", timestamp: 1766623966 }
[     6.857s] EVENT ExtractionProgress { passage_index: 0, extractor: "ID3GenreMapper", status: "failed", timestamp: 1766623966 }
[     6.857s] EVENT FusionStarted { passage_index: 0, timestamp: 1766623966 }
[     6.857s] EVENT FusionStarted { passage_index: 0, timestamp: 1766623966 }
[     6.857s] EVENT ValidationStarted { passage_index: 0, timestamp: 1766623966 }
[     6.857s] EVENT PassageCompleted: passage #0
[     6.857s] EVENT PassageStarted: passage #1
[     6.857s] EVENT ExtractionProgress { passage_index: 1, extractor: "ID3", status: "running", timestamp: 1766623966 }
[     6.857s] EVENT ExtractionProgress { passage_index: 1, extractor: "ID3", status: "completed", timestamp: 1766623966 }
[     6.857s] EVENT ExtractionProgress { passage_index: 1, extractor: "Chromaprint", status: "running", timestamp: 1766623966 }
[     6.925s] EVENT ExtractionProgress { passage_index: 1, extractor: "Chromaprint", status: "completed", timestamp: 1766623966 }
[     6.925s] EVENT ExtractionProgress { passage_index: 1, extractor: "AudioDerived", status: "running", timestamp: 1766623966 }
[     7.027s] FILE_COMPLETE [8/8] album_file_003.wav - 2 passages in 1.56s (total_elapsed: 7.0s)
[     7.028s] PROGRESS 8/8 (100.0%) - 1.14 files/sec - ETA: 0.0min
[     7.028s] EVENT ExtractionProgress { passage_index: 1, extractor: "AudioDerived", status: "completed", timestamp: 1766623967 }
[     7.028s] EVENT ExtractionProgress { passage_index: 1, extractor: "ID3GenreMapper", status: "running", timestamp: 1766623967 }
[     7.028s] EVENT ExtractionProgress { passage_index: 1, extractor: "ID3GenreMapper", status: "failed", timestamp: 1766623967 }
[     7.028s] EVENT FusionStarted { passage_index: 1, timestamp: 1766623967 }
[     7.028s] EVENT FusionStarted { passage_index: 1, timestamp: 1766623967 }
[     7.028s] EVENT ValidationStarted { passage_index: 1, timestamp: 1766623967 }
[     7.028s] EVENT PassageCompleted: passage #1
[     7.028s] EVENT FileCompleted: "C:\\Users\\MANGOC~1\\AppData\\Local\\Temp\\.tmpe3Sike\\album_file_003.wav"
[     7.028s] === Import Test Completed ===
Total duration: 7.0s
Files processed: 8/8
Passages created: 11
Recording cache: 0 entries
MBID cache: 5171 entries
