[     0.004s] === Full Library Import Test Started ===
Total files: 10
Album matching: false
Cache database: C:\Users\Mango Cat\Dev\McRhythm\wkmp-ai\test_recording_cache.db (existing)
[     0.004s] FILE_START [1/10] test_track_001.wav
[     0.005s] EVENT FileStarted: "C:\\Users\\MANGOC~1\\AppData\\Local\\Temp\\.tmpyQga4i\\test_track_001.wav"
[     0.215s] EVENT BoundaryDetected { passage_index: 0, start_time: 0, end_time: 987840000, confidence: 0.5, timestamp: 1766624215 }
[     0.215s] EVENT PassageStarted: passage #0
[     0.215s] EVENT ExtractionProgress { passage_index: 0, extractor: "ID3", status: "running", timestamp: 1766624215 }
[     0.219s] EVENT ExtractionProgress { passage_index: 0, extractor: "ID3", status: "completed", timestamp: 1766624215 }
[     0.219s] EVENT ExtractionProgress { passage_index: 0, extractor: "Chromaprint", status: "running", timestamp: 1766624215 }
[     0.261s] EVENT ExtractionProgress { passage_index: 0, extractor: "Chromaprint", status: "completed", timestamp: 1766624215 }
[     0.261s] EVENT ExtractionProgress { passage_index: 0, extractor: "AudioDerived", status: "running", timestamp: 1766624215 }
[     0.324s] FILE_COMPLETE [1/10] test_track_001.wav - 1 passages in 0.32s (total_elapsed: 0.3s)
[     0.324s] FILE_START [2/10] test_track_002.wav
[     0.325s] EVENT ExtractionProgress { passage_index: 0, extractor: "AudioDerived", status: "completed", timestamp: 1766624215 }
[     0.325s] EVENT ExtractionProgress { passage_index: 0, extractor: "ID3GenreMapper", status: "running", timestamp: 1766624215 }
[     0.325s] EVENT ExtractionProgress { passage_index: 0, extractor: "ID3GenreMapper", status: "failed", timestamp: 1766624215 }
[     0.325s] EVENT FusionStarted { passage_index: 0, timestamp: 1766624215 }
[     0.325s] EVENT FusionStarted { passage_index: 0, timestamp: 1766624215 }
[     0.325s] EVENT ValidationStarted { passage_index: 0, timestamp: 1766624215 }
[     0.325s] EVENT PassageCompleted: passage #0
[     0.325s] EVENT FileCompleted: "C:\\Users\\MANGOC~1\\AppData\\Local\\Temp\\.tmpyQga4i\\test_track_001.wav"
[     0.325s] EVENT FileStarted: "C:\\Users\\MANGOC~1\\AppData\\Local\\Temp\\.tmpyQga4i\\test_track_002.wav"
[     0.531s] EVENT BoundaryDetected { passage_index: 0, start_time: 0, end_time: 987840000, confidence: 0.5, timestamp: 1766624215 }
[     0.531s] EVENT PassageStarted: passage #0
[     0.531s] EVENT ExtractionProgress { passage_index: 0, extractor: "ID3", status: "running", timestamp: 1766624215 }
[     0.531s] EVENT ExtractionProgress { passage_index: 0, extractor: "ID3", status: "completed", timestamp: 1766624215 }
[     0.531s] EVENT ExtractionProgress { passage_index: 0, extractor: "Chromaprint", status: "running", timestamp: 1766624215 }
[     0.577s] EVENT ExtractionProgress { passage_index: 0, extractor: "Chromaprint", status: "completed", timestamp: 1766624215 }
[     0.577s] EVENT ExtractionProgress { passage_index: 0, extractor: "AudioDerived", status: "running", timestamp: 1766624215 }
[     0.641s] FILE_COMPLETE [2/10] test_track_002.wav - 1 passages in 0.32s (total_elapsed: 0.6s)
[     0.641s] FILE_START [3/10] test_track_003.wav
[     0.641s] EVENT ExtractionProgress { passage_index: 0, extractor: "AudioDerived", status: "completed", timestamp: 1766624215 }
[     0.641s] EVENT ExtractionProgress { passage_index: 0, extractor: "ID3GenreMapper", status: "running", timestamp: 1766624215 }
[     0.641s] EVENT ExtractionProgress { passage_index: 0, extractor: "ID3GenreMapper", status: "failed", timestamp: 1766624215 }
[     0.641s] EVENT FusionStarted { passage_index: 0, timestamp: 1766624215 }
[     0.641s] EVENT FusionStarted { passage_index: 0, timestamp: 1766624215 }
[     0.641s] EVENT ValidationStarted { passage_index: 0, timestamp: 1766624215 }
[     0.641s] EVENT PassageCompleted: passage #0
[     0.641s] EVENT FileCompleted: "C:\\Users\\MANGOC~1\\AppData\\Local\\Temp\\.tmpyQga4i\\test_track_002.wav"
[     0.641s] EVENT FileStarted: "C:\\Users\\MANGOC~1\\AppData\\Local\\Temp\\.tmpyQga4i\\test_track_003.wav"
[     0.852s] EVENT BoundaryDetected { passage_index: 0, start_time: 0, end_time: 987840000, confidence: 0.5, timestamp: 1766624215 }
[     0.852s] EVENT PassageStarted: passage #0
[     0.852s] EVENT ExtractionProgress { passage_index: 0, extractor: "ID3", status: "running", timestamp: 1766624215 }
[     0.852s] EVENT ExtractionProgress { passage_index: 0, extractor: "ID3", status: "completed", timestamp: 1766624215 }
[     0.852s] EVENT ExtractionProgress { passage_index: 0, extractor: "Chromaprint", status: "running", timestamp: 1766624215 }
[     0.896s] EVENT ExtractionProgress { passage_index: 0, extractor: "Chromaprint", status: "completed", timestamp: 1766624215 }
[     0.896s] EVENT ExtractionProgress { passage_index: 0, extractor: "AudioDerived", status: "running", timestamp: 1766624215 }
[     0.960s] FILE_COMPLETE [3/10] test_track_003.wav - 1 passages in 0.32s (total_elapsed: 1.0s)
[     0.960s] FILE_START [4/10] test_track_004.wav
[     0.960s] EVENT ExtractionProgress { passage_index: 0, extractor: "AudioDerived", status: "completed", timestamp: 1766624215 }
[     0.960s] EVENT ExtractionProgress { passage_index: 0, extractor: "ID3GenreMapper", status: "running", timestamp: 1766624215 }
[     0.960s] EVENT ExtractionProgress { passage_index: 0, extractor: "ID3GenreMapper", status: "failed", timestamp: 1766624215 }
[     0.960s] EVENT FusionStarted { passage_index: 0, timestamp: 1766624215 }
[     0.960s] EVENT FusionStarted { passage_index: 0, timestamp: 1766624215 }
[     0.960s] EVENT ValidationStarted { passage_index: 0, timestamp: 1766624215 }
[     0.960s] EVENT PassageCompleted: passage #0
[     0.960s] EVENT FileCompleted: "C:\\Users\\MANGOC~1\\AppData\\Local\\Temp\\.tmpyQga4i\\test_track_003.wav"
[     0.960s] EVENT FileStarted: "C:\\Users\\MANGOC~1\\AppData\\Local\\Temp\\.tmpyQga4i\\test_track_004.wav"
[     1.169s] EVENT BoundaryDetected { passage_index: 0, start_time: 0, end_time: 987840000, confidence: 0.5, timestamp: 1766624216 }
[     1.169s] EVENT PassageStarted: passage #0
[     1.169s] EVENT ExtractionProgress { passage_index: 0, extractor: "ID3", status: "running", timestamp: 1766624216 }
[     1.169s] EVENT ExtractionProgress { passage_index: 0, extractor: "ID3", status: "completed", timestamp: 1766624216 }
[     1.169s] EVENT ExtractionProgress { passage_index: 0, extractor: "Chromaprint", status: "running", timestamp: 1766624216 }
[     1.213s] EVENT ExtractionProgress { passage_index: 0, extractor: "Chromaprint", status: "completed", timestamp: 1766624216 }
[     1.213s] EVENT ExtractionProgress { passage_index: 0, extractor: "AudioDerived", status: "running", timestamp: 1766624216 }
[     1.278s] FILE_COMPLETE [4/10] test_track_004.wav - 1 passages in 0.32s (total_elapsed: 1.3s)
[     1.278s] FILE_START [5/10] test_track_005.wav
[     1.278s] EVENT ExtractionProgress { passage_index: 0, extractor: "AudioDerived", status: "completed", timestamp: 1766624216 }
[     1.278s] EVENT ExtractionProgress { passage_index: 0, extractor: "ID3GenreMapper", status: "running", timestamp: 1766624216 }
[     1.278s] EVENT ExtractionProgress { passage_index: 0, extractor: "ID3GenreMapper", status: "failed", timestamp: 1766624216 }
[     1.278s] EVENT FusionStarted { passage_index: 0, timestamp: 1766624216 }
[     1.278s] EVENT FusionStarted { passage_index: 0, timestamp: 1766624216 }
[     1.278s] EVENT ValidationStarted { passage_index: 0, timestamp: 1766624216 }
[     1.278s] EVENT PassageCompleted: passage #0
[     1.278s] EVENT FileCompleted: "C:\\Users\\MANGOC~1\\AppData\\Local\\Temp\\.tmpyQga4i\\test_track_004.wav"
[     1.278s] EVENT FileStarted: "C:\\Users\\MANGOC~1\\AppData\\Local\\Temp\\.tmpyQga4i\\test_track_005.wav"
[     1.487s] EVENT BoundaryDetected { passage_index: 0, start_time: 0, end_time: 987840000, confidence: 0.5, timestamp: 1766624216 }
[     1.487s] EVENT PassageStarted: passage #0
[     1.487s] EVENT ExtractionProgress { passage_index: 0, extractor: "ID3", status: "running", timestamp: 1766624216 }
[     1.487s] EVENT ExtractionProgress { passage_index: 0, extractor: "ID3", status: "completed", timestamp: 1766624216 }
[     1.487s] EVENT ExtractionProgress { passage_index: 0, extractor: "Chromaprint", status: "running", timestamp: 1766624216 }
[     1.531s] EVENT ExtractionProgress { passage_index: 0, extractor: "Chromaprint", status: "completed", timestamp: 1766624216 }
[     1.531s] EVENT ExtractionProgress { passage_index: 0, extractor: "AudioDerived", status: "running", timestamp: 1766624216 }
[     1.595s] FILE_COMPLETE [5/10] test_track_005.wav - 1 passages in 0.32s (total_elapsed: 1.6s)
[     1.595s] FILE_START [6/10] test_track_006.wav
[     1.595s] EVENT ExtractionProgress { passage_index: 0, extractor: "AudioDerived", status: "completed", timestamp: 1766624216 }
[     1.595s] EVENT ExtractionProgress { passage_index: 0, extractor: "ID3GenreMapper", status: "running", timestamp: 1766624216 }
[     1.595s] EVENT ExtractionProgress { passage_index: 0, extractor: "ID3GenreMapper", status: "failed", timestamp: 1766624216 }
[     1.595s] EVENT FusionStarted { passage_index: 0, timestamp: 1766624216 }
[     1.595s] EVENT FusionStarted { passage_index: 0, timestamp: 1766624216 }
[     1.595s] EVENT ValidationStarted { passage_index: 0, timestamp: 1766624216 }
[     1.595s] EVENT PassageCompleted: passage #0
[     1.595s] EVENT FileCompleted: "C:\\Users\\MANGOC~1\\AppData\\Local\\Temp\\.tmpyQga4i\\test_track_005.wav"
[     1.595s] EVENT FileStarted: "C:\\Users\\MANGOC~1\\AppData\\Local\\Temp\\.tmpyQga4i\\test_track_006.wav"
[     1.804s] EVENT BoundaryDetected { passage_index: 0, start_time: 0, end_time: 987840000, confidence: 0.5, timestamp: 1766624216 }
[     1.804s] EVENT PassageStarted: passage #0
[     1.804s] EVENT ExtractionProgress { passage_index: 0, extractor: "ID3", status: "running", timestamp: 1766624216 }
[     1.804s] EVENT ExtractionProgress { passage_index: 0, extractor: "ID3", status: "completed", timestamp: 1766624216 }
[     1.804s] EVENT ExtractionProgress { passage_index: 0, extractor: "Chromaprint", status: "running", timestamp: 1766624216 }
[     1.850s] EVENT ExtractionProgress { passage_index: 0, extractor: "Chromaprint", status: "completed", timestamp: 1766624216 }
[     1.850s] EVENT ExtractionProgress { passage_index: 0, extractor: "AudioDerived", status: "running", timestamp: 1766624216 }
[     1.914s] FILE_COMPLETE [6/10] test_track_006.wav - 1 passages in 0.32s (total_elapsed: 1.9s)
[     1.914s] FILE_START [7/10] test_track_007.wav
[     1.914s] EVENT ExtractionProgress { passage_index: 0, extractor: "AudioDerived", status: "completed", timestamp: 1766624216 }
[     1.914s] EVENT ExtractionProgress { passage_index: 0, extractor: "ID3GenreMapper", status: "running", timestamp: 1766624216 }
[     1.914s] EVENT ExtractionProgress { passage_index: 0, extractor: "ID3GenreMapper", status: "failed", timestamp: 1766624216 }
[     1.914s] EVENT FusionStarted { passage_index: 0, timestamp: 1766624216 }
[     1.914s] EVENT FusionStarted { passage_index: 0, timestamp: 1766624216 }
[     1.914s] EVENT ValidationStarted { passage_index: 0, timestamp: 1766624216 }
[     1.914s] EVENT PassageCompleted: passage #0
[     1.914s] EVENT FileCompleted: "C:\\Users\\MANGOC~1\\AppData\\Local\\Temp\\.tmpyQga4i\\test_track_006.wav"
[     1.914s] EVENT FileStarted: "C:\\Users\\MANGOC~1\\AppData\\Local\\Temp\\.tmpyQga4i\\test_track_007.wav"
[     2.123s] EVENT BoundaryDetected { passage_index: 0, start_time: 0, end_time: 987840000, confidence: 0.5, timestamp: 1766624217 }
[     2.123s] EVENT PassageStarted: passage #0
[     2.123s] EVENT ExtractionProgress { passage_index: 0, extractor: "ID3", status: "running", timestamp: 1766624217 }
[     2.123s] EVENT ExtractionProgress { passage_index: 0, extractor: "ID3", status: "completed", timestamp: 1766624217 }
[     2.123s] EVENT ExtractionProgress { passage_index: 0, extractor: "Chromaprint", status: "running", timestamp: 1766624217 }
[     2.168s] EVENT ExtractionProgress { passage_index: 0, extractor: "Chromaprint", status: "completed", timestamp: 1766624217 }
[     2.168s] EVENT ExtractionProgress { passage_index: 0, extractor: "AudioDerived", status: "running", timestamp: 1766624217 }
[     2.232s] FILE_COMPLETE [7/10] test_track_007.wav - 1 passages in 0.32s (total_elapsed: 2.2s)
[     2.232s] FILE_START [8/10] test_track_008.wav
[     2.232s] EVENT ExtractionProgress { passage_index: 0, extractor: "AudioDerived", status: "completed", timestamp: 1766624217 }
[     2.232s] EVENT ExtractionProgress { passage_index: 0, extractor: "ID3GenreMapper", status: "running", timestamp: 1766624217 }
[     2.232s] EVENT ExtractionProgress { passage_index: 0, extractor: "ID3GenreMapper", status: "failed", timestamp: 1766624217 }
[     2.232s] EVENT FusionStarted { passage_index: 0, timestamp: 1766624217 }
[     2.232s] EVENT FusionStarted { passage_index: 0, timestamp: 1766624217 }
[     2.232s] EVENT ValidationStarted { passage_index: 0, timestamp: 1766624217 }
[     2.232s] EVENT PassageCompleted: passage #0
[     2.232s] EVENT FileCompleted: "C:\\Users\\MANGOC~1\\AppData\\Local\\Temp\\.tmpyQga4i\\test_track_007.wav"
[     2.232s] EVENT FileStarted: "C:\\Users\\MANGOC~1\\AppData\\Local\\Temp\\.tmpyQga4i\\test_track_008.wav"
[     2.440s] EVENT BoundaryDetected { passage_index: 0, start_time: 0, end_time: 987840000, confidence: 0.5, timestamp: 1766624217 }
[     2.440s] EVENT PassageStarted: passage #0
[     2.440s] EVENT ExtractionProgress { passage_index: 0, extractor: "ID3", status: "running", timestamp: 1766624217 }
[     2.440s] EVENT ExtractionProgress { passage_index: 0, extractor: "ID3", status: "completed", timestamp: 1766624217 }
[     2.440s] EVENT ExtractionProgress { passage_index: 0, extractor: "Chromaprint", status: "running", timestamp: 1766624217 }
[     2.485s] EVENT ExtractionProgress { passage_index: 0, extractor: "Chromaprint", status: "completed", timestamp: 1766624217 }
[     2.485s] EVENT ExtractionProgress { passage_index: 0, extractor: "AudioDerived", status: "running", timestamp: 1766624217 }
[     2.549s] FILE_COMPLETE [8/10] test_track_008.wav - 1 passages in 0.32s (total_elapsed: 2.5s)
[     2.549s] FILE_START [9/10] test_track_009.wav
[     2.549s] EVENT ExtractionProgress { passage_index: 0, extractor: "AudioDerived", status: "completed", timestamp: 1766624217 }
[     2.549s] EVENT ExtractionProgress { passage_index: 0, extractor: "ID3GenreMapper", status: "running", timestamp: 1766624217 }
[     2.549s] EVENT ExtractionProgress { passage_index: 0, extractor: "ID3GenreMapper", status: "failed", timestamp: 1766624217 }
[     2.549s] EVENT FusionStarted { passage_index: 0, timestamp: 1766624217 }
[     2.549s] EVENT FusionStarted { passage_index: 0, timestamp: 1766624217 }
[     2.549s] EVENT ValidationStarted { passage_index: 0, timestamp: 1766624217 }
[     2.549s] EVENT PassageCompleted: passage #0
[     2.549s] EVENT FileCompleted: "C:\\Users\\MANGOC~1\\AppData\\Local\\Temp\\.tmpyQga4i\\test_track_008.wav"
[     2.549s] EVENT FileStarted: "C:\\Users\\MANGOC~1\\AppData\\Local\\Temp\\.tmpyQga4i\\test_track_009.wav"
[     2.756s] EVENT BoundaryDetected { passage_index: 0, start_time: 0, end_time: 987840000, confidence: 0.5, timestamp: 1766624217 }
[     2.756s] EVENT PassageStarted: passage #0
[     2.756s] EVENT ExtractionProgress { passage_index: 0, extractor: "ID3", status: "running", timestamp: 1766624217 }
[     2.756s] EVENT ExtractionProgress { passage_index: 0, extractor: "ID3", status: "completed", timestamp: 1766624217 }
[     2.756s] EVENT ExtractionProgress { passage_index: 0, extractor: "Chromaprint", status: "running", timestamp: 1766624217 }
[     2.801s] EVENT ExtractionProgress { passage_index: 0, extractor: "Chromaprint", status: "completed", timestamp: 1766624217 }
[     2.801s] EVENT ExtractionProgress { passage_index: 0, extractor: "AudioDerived", status: "running", timestamp: 1766624217 }
[     2.867s] FILE_COMPLETE [9/10] test_track_009.wav - 1 passages in 0.32s (total_elapsed: 2.9s)
[     2.867s] FILE_START [10/10] test_track_010.wav
[     2.867s] EVENT ExtractionProgress { passage_index: 0, extractor: "AudioDerived", status: "completed", timestamp: 1766624217 }
[     2.867s] EVENT ExtractionProgress { passage_index: 0, extractor: "ID3GenreMapper", status: "running", timestamp: 1766624217 }
[     2.867s] EVENT ExtractionProgress { passage_index: 0, extractor: "ID3GenreMapper", status: "failed", timestamp: 1766624217 }
[     2.867s] EVENT FusionStarted { passage_index: 0, timestamp: 1766624217 }
[     2.867s] EVENT FusionStarted { passage_index: 0, timestamp: 1766624217 }
[     2.867s] EVENT ValidationStarted { passage_index: 0, timestamp: 1766624217 }
[     2.867s] EVENT PassageCompleted: passage #0
[     2.867s] EVENT FileCompleted: "C:\\Users\\MANGOC~1\\AppData\\Local\\Temp\\.tmpyQga4i\\test_track_009.wav"
[     2.867s] EVENT FileStarted: "C:\\Users\\MANGOC~1\\AppData\\Local\\Temp\\.tmpyQga4i\\test_track_010.wav"
[     3.073s] EVENT BoundaryDetected { passage_index: 0, start_time: 0, end_time: 987840000, confidence: 0.5, timestamp: 1766624218 }
[     3.073s] EVENT PassageStarted: passage #0
[     3.073s] EVENT ExtractionProgress { passage_index: 0, extractor: "ID3", status: "running", timestamp: 1766624218 }
[     3.073s] EVENT ExtractionProgress { passage_index: 0, extractor: "ID3", status: "completed", timestamp: 1766624218 }
[     3.073s] EVENT ExtractionProgress { passage_index: 0, extractor: "Chromaprint", status: "running", timestamp: 1766624218 }
[     3.117s] EVENT ExtractionProgress { passage_index: 0, extractor: "Chromaprint", status: "completed", timestamp: 1766624218 }
[     3.117s] EVENT ExtractionProgress { passage_index: 0, extractor: "AudioDerived", status: "running", timestamp: 1766624218 }
[     3.183s] FILE_COMPLETE [10/10] test_track_010.wav - 1 passages in 0.32s (total_elapsed: 3.2s)
[     3.183s] PROGRESS 10/10 (100.0%) - 3.15 files/sec - ETA: 0.0min
[     3.183s] EVENT ExtractionProgress { passage_index: 0, extractor: "AudioDerived", status: "completed", timestamp: 1766624218 }
[     3.183s] EVENT ExtractionProgress { passage_index: 0, extractor: "ID3GenreMapper", status: "running", timestamp: 1766624218 }
[     3.183s] EVENT ExtractionProgress { passage_index: 0, extractor: "ID3GenreMapper", status: "failed", timestamp: 1766624218 }
[     3.183s] EVENT FusionStarted { passage_index: 0, timestamp: 1766624218 }
[     3.183s] EVENT FusionStarted { passage_index: 0, timestamp: 1766624218 }
[     3.183s] EVENT ValidationStarted { passage_index: 0, timestamp: 1766624218 }
[     3.183s] EVENT PassageCompleted: passage #0
[     3.183s] EVENT FileCompleted: "C:\\Users\\MANGOC~1\\AppData\\Local\\Temp\\.tmpyQga4i\\test_track_010.wav"
[     3.184s] === Import Test Completed ===
Total duration: 3.2s
Files processed: 10/10
Passages created: 10
Recording cache: 0 entries
MBID cache: 5171 entries
