[     0.006s] === Full Library Import Test Started ===
Total files: 2
Album matching: true
Cache database: c:\Users\Mango Cat\Dev\McRhythm\wkmp-ai\test_recording_cache.db (existing)
[     0.006s] FILE_START [1/2] 01-These_Are_Days.mp3
[     0.010s] EVENT FileStarted: "C:\\Users\\Mango Cat\\Music\\10,000_Maniacs\\MTV_Unplugged\\01-These_Are_Days.mp3"
[     0.010s] EVENT SingleTrackCheckCompleted { file_path: "C:\\Users\\Mango Cat\\Music\\10,000_Maniacs\\MTV_Unplugged\\01-These_Are_Days.mp3", score: 2.8, is_single_track: true }
[    11.584s] EVENT BoundaryDetected { passage_index: 0, start_time: 0, end_time: 8286289920, confidence: 0.8, timestamp: 1766347515 }
[    11.585s] EVENT PassageStarted: passage #0
[    11.585s] EVENT ExtractionProgress { passage_index: 0, extractor: "ID3", status: "running", timestamp: 1766347515 }
[    11.585s] EVENT ExtractionProgress { passage_index: 0, extractor: "ID3", status: "completed", timestamp: 1766347515 }
[    11.585s] EVENT ExtractionProgress { passage_index: 0, extractor: "Chromaprint", status: "running", timestamp: 1766347515 }
[    11.941s] EVENT ExtractionProgress { passage_index: 0, extractor: "Chromaprint", status: "completed", timestamp: 1766347516 }
[    11.941s] EVENT ExtractionProgress { passage_index: 0, extractor: "AudioDerived", status: "running", timestamp: 1766347516 }
[    12.509s] EVENT ExtractionProgress { passage_index: 0, extractor: "AudioDerived", status: "completed", timestamp: 1766347516 }
[    12.509s] EVENT ExtractionProgress { passage_index: 0, extractor: "ID3GenreMapper", status: "running", timestamp: 1766347516 }
[    12.509s] EVENT ExtractionProgress { passage_index: 0, extractor: "ID3GenreMapper", status: "completed", timestamp: 1766347516 }
[    12.509s] EVENT FusionStarted { passage_index: 0, timestamp: 1766347516 }
[    12.509s] EVENT ExtractionProgress { passage_index: 0, extractor: "MusicBrainz-Pass2", status: "running", timestamp: 1766347516 }
[    12.513s] FILE_COMPLETE [1/2] 01-These_Are_Days.mp3 - 1 passages in 12.51s (total_elapsed: 12.5s)
[    12.513s] FILE_START [2/2] 02-Eat_For_Two.mp3
[    12.513s] EVENT ExtractionProgress { passage_index: 0, extractor: "MusicBrainz-Pass2", status: "completed", timestamp: 1766347516 }
[    12.513s] EVENT FusionStarted { passage_index: 0, timestamp: 1766347516 }
[    12.513s] EVENT ValidationStarted { passage_index: 0, timestamp: 1766347516 }
[    12.513s] EVENT PassageCompleted: passage #0
[    12.513s] EVENT FileCompleted: "C:\\Users\\Mango Cat\\Music\\10,000_Maniacs\\MTV_Unplugged\\01-These_Are_Days.mp3"
[    12.513s] EVENT FileStarted: "C:\\Users\\Mango Cat\\Music\\10,000_Maniacs\\MTV_Unplugged\\02-Eat_For_Two.mp3"
[    12.513s] EVENT SingleTrackCheckCompleted { file_path: "C:\\Users\\Mango Cat\\Music\\10,000_Maniacs\\MTV_Unplugged\\02-Eat_For_Two.mp3", score: 2.8, is_single_track: true }
[    22.609s] EVENT BoundaryDetected { passage_index: 0, start_time: 0, end_time: 7410401280, confidence: 0.5, timestamp: 1766347526 }
[    22.609s] EVENT PassageStarted: passage #0
[    22.609s] EVENT ExtractionProgress { passage_index: 0, extractor: "ID3", status: "running", timestamp: 1766347526 }
[    22.609s] EVENT ExtractionProgress { passage_index: 0, extractor: "ID3", status: "completed", timestamp: 1766347526 }
[    22.609s] EVENT ExtractionProgress { passage_index: 0, extractor: "Chromaprint", status: "running", timestamp: 1766347526 }
[    22.933s] EVENT ExtractionProgress { passage_index: 0, extractor: "Chromaprint", status: "completed", timestamp: 1766347526 }
[    22.933s] EVENT ExtractionProgress { passage_index: 0, extractor: "AudioDerived", status: "running", timestamp: 1766347526 }
[    23.433s] EVENT ExtractionProgress { passage_index: 0, extractor: "AudioDerived", status: "completed", timestamp: 1766347527 }
[    23.433s] EVENT ExtractionProgress { passage_index: 0, extractor: "ID3GenreMapper", status: "running", timestamp: 1766347527 }
[    23.433s] EVENT ExtractionProgress { passage_index: 0, extractor: "ID3GenreMapper", status: "completed", timestamp: 1766347527 }
[    23.433s] EVENT FusionStarted { passage_index: 0, timestamp: 1766347527 }
[    23.433s] EVENT ExtractionProgress { passage_index: 0, extractor: "MusicBrainz-Pass2", status: "running", timestamp: 1766347527 }
[    23.436s] FILE_COMPLETE [2/2] 02-Eat_For_Two.mp3 - 1 passages in 10.92s (total_elapsed: 23.4s)
[    23.436s] PROGRESS 2/2 (100.0%) - 0.09 files/sec - ETA: 0.0min
[    23.436s] EVENT ExtractionProgress { passage_index: 0, extractor: "MusicBrainz-Pass2", status: "completed", timestamp: 1766347527 }
[    23.436s] EVENT FusionStarted { passage_index: 0, timestamp: 1766347527 }
[    23.436s] EVENT ValidationStarted { passage_index: 0, timestamp: 1766347527 }
[    23.436s] EVENT PassageCompleted: passage #0
[    23.436s] EVENT FileCompleted: "C:\\Users\\Mango Cat\\Music\\10,000_Maniacs\\MTV_Unplugged\\02-Eat_For_Two.mp3"
[    23.437s] === Import Test Completed ===
Total duration: 23.4s
Files processed: 2/2
Passages created: 2
Recording cache: 0 entries
MBID cache: 3148 entries
