[     0.008s] === Full Library Import Test Started ===
Total files: 3
Album matching: false
Cache database: C:\Users\Mango Cat\Dev\McRhythm\wkmp-ai\test_recording_cache.db (existing)
[     0.008s] FILE_START [1/3] test_track_001.wav
[     0.008s] EVENT FileStarted: "C:\\Users\\MANGOC~1\\AppData\\Local\\Temp\\.tmppFG49Q\\test_track_001.wav"
[     0.060s] EVENT BoundaryDetected { passage_index: 0, start_time: 0, end_time: 141120000, confidence: 0.5, timestamp: 1766622387 }
[     0.060s] EVENT PassageStarted: passage #0
[     0.060s] EVENT ExtractionProgress { passage_index: 0, extractor: "ID3", status: "running", timestamp: 1766622387 }
[     0.061s] EVENT ExtractionProgress { passage_index: 0, extractor: "ID3", status: "completed", timestamp: 1766622387 }
[     0.061s] EVENT ExtractionProgress { passage_index: 0, extractor: "Chromaprint", status: "running", timestamp: 1766622387 }
[     0.075s] EVENT ExtractionProgress { passage_index: 0, extractor: "Chromaprint", status: "completed", timestamp: 1766622387 }
[     0.075s] EVENT ExtractionProgress { passage_index: 0, extractor: "AudioDerived", status: "running", timestamp: 1766622387 }
[     0.091s] FILE_COMPLETE [1/3] test_track_001.wav - 1 passages in 0.08s (total_elapsed: 0.1s)
[     0.091s] FILE_START [2/3] test_track_002.wav
[     0.091s] EVENT ExtractionProgress { passage_index: 0, extractor: "AudioDerived", status: "completed", timestamp: 1766622387 }
[     0.091s] EVENT ExtractionProgress { passage_index: 0, extractor: "ID3GenreMapper", status: "running", timestamp: 1766622387 }
[     0.091s] EVENT ExtractionProgress { passage_index: 0, extractor: "ID3GenreMapper", status: "failed", timestamp: 1766622387 }
[     0.091s] EVENT FusionStarted { passage_index: 0, timestamp: 1766622387 }
[     0.091s] EVENT FusionStarted { passage_index: 0, timestamp: 1766622387 }
[     0.091s] EVENT ValidationStarted { passage_index: 0, timestamp: 1766622387 }
[     0.091s] EVENT PassageCompleted: passage #0
[     0.091s] EVENT FileCompleted: "C:\\Users\\MANGOC~1\\AppData\\Local\\Temp\\.tmppFG49Q\\test_track_001.wav"
[     0.091s] EVENT FileStarted: "C:\\Users\\MANGOC~1\\AppData\\Local\\Temp\\.tmppFG49Q\\test_track_002.wav"
[     0.142s] EVENT BoundaryDetected { passage_index: 0, start_time: 0, end_time: 141120000, confidence: 0.5, timestamp: 1766622387 }
[     0.142s] EVENT PassageStarted: passage #0
[     0.142s] EVENT ExtractionProgress { passage_index: 0, extractor: "ID3", status: "running", timestamp: 1766622387 }
[     0.142s] EVENT ExtractionProgress { passage_index: 0, extractor: "ID3", status: "completed", timestamp: 1766622387 }
[     0.142s] EVENT ExtractionProgress { passage_index: 0, extractor: "Chromaprint", status: "running", timestamp: 1766622387 }
[     0.159s] EVENT ExtractionProgress { passage_index: 0, extractor: "Chromaprint", status: "completed", timestamp: 1766622387 }
[     0.159s] EVENT ExtractionProgress { passage_index: 0, extractor: "AudioDerived", status: "running", timestamp: 1766622387 }
[     0.173s] FILE_COMPLETE [2/3] test_track_002.wav - 1 passages in 0.08s (total_elapsed: 0.2s)
[     0.173s] FILE_START [3/3] test_track_003.wav
[     0.173s] EVENT ExtractionProgress { passage_index: 0, extractor: "AudioDerived", status: "completed", timestamp: 1766622387 }
[     0.173s] EVENT ExtractionProgress { passage_index: 0, extractor: "ID3GenreMapper", status: "running", timestamp: 1766622387 }
[     0.173s] EVENT ExtractionProgress { passage_index: 0, extractor: "ID3GenreMapper", status: "failed", timestamp: 1766622387 }
[     0.173s] EVENT FusionStarted { passage_index: 0, timestamp: 1766622387 }
[     0.173s] EVENT FusionStarted { passage_index: 0, timestamp: 1766622387 }
[     0.173s] EVENT ValidationStarted { passage_index: 0, timestamp: 1766622387 }
[     0.173s] EVENT PassageCompleted: passage #0
[     0.173s] EVENT FileCompleted: "C:\\Users\\MANGOC~1\\AppData\\Local\\Temp\\.tmppFG49Q\\test_track_002.wav"
[     0.173s] EVENT FileStarted: "C:\\Users\\MANGOC~1\\AppData\\Local\\Temp\\.tmppFG49Q\\test_track_003.wav"
[     0.217s] EVENT BoundaryDetected { passage_index: 0, start_time: 0, end_time: 141120000, confidence: 0.5, timestamp: 1766622387 }
[     0.217s] EVENT PassageStarted: passage #0
[     0.217s] EVENT ExtractionProgress { passage_index: 0, extractor: "ID3", status: "running", timestamp: 1766622387 }
[     0.217s] EVENT ExtractionProgress { passage_index: 0, extractor: "ID3", status: "completed", timestamp: 1766622387 }
[     0.217s] EVENT ExtractionProgress { passage_index: 0, extractor: "Chromaprint", status: "running", timestamp: 1766622387 }
[     0.232s] EVENT ExtractionProgress { passage_index: 0, extractor: "Chromaprint", status: "completed", timestamp: 1766622387 }
[     0.232s] EVENT ExtractionProgress { passage_index: 0, extractor: "AudioDerived", status: "running", timestamp: 1766622387 }
[     0.246s] FILE_COMPLETE [3/3] test_track_003.wav - 1 passages in 0.07s (total_elapsed: 0.2s)
[     0.246s] PROGRESS 3/3 (100.0%) - 12.59 files/sec - ETA: 0.0min
[     0.247s] EVENT ExtractionProgress { passage_index: 0, extractor: "AudioDerived", status: "completed", timestamp: 1766622387 }
[     0.247s] EVENT ExtractionProgress { passage_index: 0, extractor: "ID3GenreMapper", status: "running", timestamp: 1766622387 }
[     0.247s] EVENT ExtractionProgress { passage_index: 0, extractor: "ID3GenreMapper", status: "failed", timestamp: 1766622387 }
[     0.247s] EVENT FusionStarted { passage_index: 0, timestamp: 1766622387 }
[     0.247s] EVENT FusionStarted { passage_index: 0, timestamp: 1766622387 }
[     0.247s] EVENT ValidationStarted { passage_index: 0, timestamp: 1766622387 }
[     0.247s] EVENT PassageCompleted: passage #0
[     0.247s] EVENT FileCompleted: "C:\\Users\\MANGOC~1\\AppData\\Local\\Temp\\.tmppFG49Q\\test_track_003.wav"
[     0.252s] === Import Test Completed ===
Total duration: 0.2s
Files processed: 3/3
Passages created: 3
Recording cache: 0 entries
MBID cache: 5171 entries
