[     0.014s] === Full Library Import Test Started ===
Total files: 2
Album matching: true
Cache database: c:\Users\Mango Cat\Dev\McRhythm\wkmp-ai\test_recording_cache.db (existing)
[     0.015s] FILE_START [1/2] 01-These_Are_Days.mp3
[     0.022s] EVENT FileStarted: "C:\\Users\\Mango Cat\\Music\\10,000_Maniacs\\MTV_Unplugged\\01-These_Are_Days.mp3"
[     0.022s] EVENT SingleTrackCheckCompleted { file_path: "C:\\Users\\Mango Cat\\Music\\10,000_Maniacs\\MTV_Unplugged\\01-These_Are_Days.mp3", score: 2.8, is_single_track: true }
[    18.292s] EVENT BoundaryDetected { passage_index: 0, start_time: 0, end_time: 8286289920, confidence: 0.8, timestamp: 1766372616 }
[    18.296s] EVENT PassageStarted: passage #0
[    18.296s] EVENT ExtractionProgress { passage_index: 0, extractor: "ID3", status: "running", timestamp: 1766372616 }
[    18.296s] EVENT ExtractionProgress { passage_index: 0, extractor: "ID3", status: "completed", timestamp: 1766372616 }
[    18.296s] EVENT ExtractionProgress { passage_index: 0, extractor: "Chromaprint", status: "running", timestamp: 1766372616 }
[    18.680s] EVENT ExtractionProgress { passage_index: 0, extractor: "Chromaprint", status: "completed", timestamp: 1766372616 }
[    18.680s] EVENT ExtractionProgress { passage_index: 0, extractor: "AudioDerived", status: "running", timestamp: 1766372616 }
[    19.293s] EVENT ExtractionProgress { passage_index: 0, extractor: "AudioDerived", status: "completed", timestamp: 1766372617 }
[    19.293s] EVENT ExtractionProgress { passage_index: 0, extractor: "ID3GenreMapper", status: "running", timestamp: 1766372617 }
[    19.293s] EVENT ExtractionProgress { passage_index: 0, extractor: "ID3GenreMapper", status: "completed", timestamp: 1766372617 }
[    19.293s] EVENT FusionStarted { passage_index: 0, timestamp: 1766372617 }
[    19.293s] EVENT ExtractionProgress { passage_index: 0, extractor: "MusicBrainz-Pass2", status: "running", timestamp: 1766372617 }
[    19.298s] FILE_COMPLETE [1/2] 01-These_Are_Days.mp3 - 1 passages in 19.28s (total_elapsed: 19.3s)
[    19.298s] FILE_START [2/2] 02-Eat_For_Two.mp3
[    19.299s] EVENT ExtractionProgress { passage_index: 0, extractor: "MusicBrainz-Pass2", status: "completed", timestamp: 1766372617 }
[    19.299s] EVENT FusionStarted { passage_index: 0, timestamp: 1766372617 }
[    19.299s] EVENT ValidationStarted { passage_index: 0, timestamp: 1766372617 }
[    19.299s] EVENT PassageCompleted: passage #0
[    19.299s] EVENT FileCompleted: "C:\\Users\\Mango Cat\\Music\\10,000_Maniacs\\MTV_Unplugged\\01-These_Are_Days.mp3"
[    19.299s] EVENT FileStarted: "C:\\Users\\Mango Cat\\Music\\10,000_Maniacs\\MTV_Unplugged\\02-Eat_For_Two.mp3"
[    19.299s] EVENT SingleTrackCheckCompleted { file_path: "C:\\Users\\Mango Cat\\Music\\10,000_Maniacs\\MTV_Unplugged\\02-Eat_For_Two.mp3", score: 2.8, is_single_track: true }
[    30.681s] EVENT BoundaryDetected { passage_index: 0, start_time: 0, end_time: 7410401280, confidence: 0.5, timestamp: 1766372628 }
[    30.681s] EVENT PassageStarted: passage #0
[    30.681s] EVENT ExtractionProgress { passage_index: 0, extractor: "ID3", status: "running", timestamp: 1766372628 }
[    30.681s] EVENT ExtractionProgress { passage_index: 0, extractor: "ID3", status: "completed", timestamp: 1766372628 }
[    30.681s] EVENT ExtractionProgress { passage_index: 0, extractor: "Chromaprint", status: "running", timestamp: 1766372628 }
[    31.040s] EVENT ExtractionProgress { passage_index: 0, extractor: "Chromaprint", status: "completed", timestamp: 1766372628 }
[    31.040s] EVENT ExtractionProgress { passage_index: 0, extractor: "AudioDerived", status: "running", timestamp: 1766372628 }
[    31.667s] EVENT ExtractionProgress { passage_index: 0, extractor: "AudioDerived", status: "completed", timestamp: 1766372629 }
[    31.667s] EVENT ExtractionProgress { passage_index: 0, extractor: "ID3GenreMapper", status: "running", timestamp: 1766372629 }
[    31.667s] EVENT ExtractionProgress { passage_index: 0, extractor: "ID3GenreMapper", status: "completed", timestamp: 1766372629 }
[    31.667s] EVENT FusionStarted { passage_index: 0, timestamp: 1766372629 }
[    31.667s] EVENT ExtractionProgress { passage_index: 0, extractor: "MusicBrainz-Pass2", status: "running", timestamp: 1766372629 }
[    31.671s] FILE_COMPLETE [2/2] 02-Eat_For_Two.mp3 - 1 passages in 12.37s (total_elapsed: 31.7s)
[    31.671s] PROGRESS 2/2 (100.0%) - 0.06 files/sec - ETA: 0.0min
[    31.671s] EVENT ExtractionProgress { passage_index: 0, extractor: "MusicBrainz-Pass2", status: "completed", timestamp: 1766372629 }
[    31.671s] EVENT FusionStarted { passage_index: 0, timestamp: 1766372629 }
[    31.671s] EVENT ValidationStarted { passage_index: 0, timestamp: 1766372629 }
[    31.671s] EVENT PassageCompleted: passage #0
[    31.671s] EVENT FileCompleted: "C:\\Users\\Mango Cat\\Music\\10,000_Maniacs\\MTV_Unplugged\\02-Eat_For_Two.mp3"
[    31.671s] === Import Test Completed ===
Total duration: 31.7s
Files processed: 2/2
Passages created: 2
Recording cache: 0 entries
MBID cache: 3148 entries
