[2025-12-31 22:11:40] [INFO] === Phase 1: Quality Floor Parallel Experiments ===
[2025-12-31 22:11:40] [INFO] Project root: C:\Users\Mango Cat\Dev\McRhythm
[2025-12-31 22:11:40] [INFO] Starting parallel experiment execution...
[2025-12-31 22:11:40] [INFO] Experiments to run: 3
[2025-12-31 22:11:40] [INFO] Launching experiment: exp1a - No Negative Floor (0.0)
[2025-12-31 22:11:40] [INFO] Launching experiment: exp1b - Reduced Negative Floor (-0.3)
[2025-12-31 22:11:40] [INFO] Launching experiment: exp1c - Middle Ground Floor (-0.5)
[2025-12-31 22:11:40] [INFO] All experiments launched. Waiting for completion...
[2025-12-31 22:11:50] [INFO] Progress: 0/3 completed, 3 running
[2025-12-31 22:12:00] [INFO] Progress: 3/3 completed, 0 running
[2025-12-31 22:12:00] [INFO] All experiments completed. Collecting results...
[2025-12-31 22:11:40] [INFO] === Starting Experiment: exp1a ===
[2025-12-31 22:11:40] [INFO] Branch: exp1a-floor-0.0
[2025-12-31 22:11:40] [INFO] Current branch: main
[2025-12-31 22:11:40] [INFO] Creating branch: exp1a-floor-0.0
[2025-12-31 22:11:47] [ERROR] FATAL ERROR: Switched to a new branch 'exp1a-floor-0.0'
[2025-12-31 22:11:47] [ERROR] Stack trace: at <ScriptBlock>, C:\Users\Mango Cat\Dev\McRhythm\scripts\run_experiment.ps1: line 68
at <ScriptBlock>, <No file>: line 5
[2025-12-31 22:11:55] [ERROR] Failed to return to original branch
[2025-12-31 22:12:00] [INFO] [OK] exp1a (No Negative Floor (0.0)): FAILED
[2025-12-31 22:11:40] [INFO] === Starting Experiment: exp1b ===
[2025-12-31 22:11:40] [INFO] Branch: exp1b-floor-neg0.3
[2025-12-31 22:11:40] [INFO] Current branch: exp1a-floor-0.0
[2025-12-31 22:11:40] [INFO] Creating branch: exp1b-floor-neg0.3
[2025-12-31 22:11:47] [ERROR] FATAL ERROR: Switched to a new branch 'exp1b-floor-neg0.3'
[2025-12-31 22:11:47] [ERROR] Stack trace: at <ScriptBlock>, C:\Users\Mango Cat\Dev\McRhythm\scripts\run_experiment.ps1: line 68
at <ScriptBlock>, <No file>: line 5
[2025-12-31 22:11:54] [ERROR] Failed to return to original branch
[2025-12-31 22:12:00] [INFO] [OK] exp1b (Reduced Negative Floor (-0.3)): FAILED
[2025-12-31 22:11:40] [INFO] === Starting Experiment: exp1c ===
[2025-12-31 22:11:40] [INFO] Branch: exp1c-floor-neg0.5
[2025-12-31 22:11:40] [INFO] Current branch: exp1b-floor-neg0.3
[2025-12-31 22:11:40] [INFO] Creating branch: exp1c-floor-neg0.5
[2025-12-31 22:11:47] [ERROR] FATAL ERROR: Switched to a new branch 'exp1c-floor-neg0.5'
[2025-12-31 22:11:47] [ERROR] Stack trace: at <ScriptBlock>, C:\Users\Mango Cat\Dev\McRhythm\scripts\run_experiment.ps1: line 68
at <ScriptBlock>, <No file>: line 5
[2025-12-31 22:11:55] [ERROR] Failed to return to original branch
[2025-12-31 22:12:00] [INFO] [OK] exp1c (Middle Ground Floor (-0.5)): FAILED
[2025-12-31 22:12:00] [INFO] Experiment summary saved to am\phase1_experiment_summary.json
[2025-12-31 22:12:00] [INFO] === Analyzing Results ===
[2025-12-31 22:12:00] [ERROR] ERROR: Baseline file not found: am\run29f_comparison_results_with_stage4_only_refinement.json
